###############################################################################
#
# IAR ELF Linker V9.40.1.364/W64 for ARM                  20/Jun/2026  14:39:21
# Copyright 2007-2023 IAR Systems AB.
#
#    Output file  =
#        D:\IARproject\Seekfree_CYT4BB_Opensource_Library\project\iar\project_config\Debug_m7_0\Exe\cyt4bb7_cm_7_0.out
#    Map file     =
#        D:\IARproject\Seekfree_CYT4BB_Opensource_Library\project\iar\Debug_m7_0\List\cyt4bb7_cm_7_0.map
#    Command line =
#        -f
#        D:\IARproject\Seekfree_CYT4BB_Opensource_Library\project\iar\project_config\Debug_m7_0\Exe\cyt4bb7_cm_7_0.out.rsp
#        (D:\IARproject\Seekfree_CYT4BB_Opensource_Library\project\iar\Debug_m7_0\Obj\user_8514941877209965082.dir\cm7_0_isr.o
#        D:\IARproject\Seekfree_CYT4BB_Opensource_Library\project\iar\Debug_m7_0\Obj\code_17896468042025673432.dir\control.o
#        D:\IARproject\Seekfree_CYT4BB_Opensource_Library\project\iar\Debug_m7_0\Obj\adc_11722776235721520015.dir\cy_adc.o
#        D:\IARproject\Seekfree_CYT4BB_Opensource_Library\project\iar\Debug_m7_0\Obj\button_4990804375159372270.dir\cy_button.o
#        D:\IARproject\Seekfree_CYT4BB_Opensource_Library\project\iar\Debug_m7_0\Obj\canfd_1800690984773873875.dir\cy_canfd.o
#        D:\IARproject\Seekfree_CYT4BB_Opensource_Library\project\iar\Debug_m7_0\Obj\cpu_15938736945165268644.dir\cy_cpu.o
#        D:\IARproject\Seekfree_CYT4BB_Opensource_Library\project\iar\Debug_m7_0\Obj\crypto_1190170608956581615.dir\cy_crypto_config.o
#        D:\IARproject\Seekfree_CYT4BB_Opensource_Library\project\iar\Debug_m7_0\Obj\eth_phy_18133017486186456677.dir\cy_dp83867.o
#        D:\IARproject\Seekfree_CYT4BB_Opensource_Library\project\iar\Debug_m7_0\Obj\ethernet_6029839089178797009.dir\cy_ethif.o
#        D:\IARproject\Seekfree_CYT4BB_Opensource_Library\project\iar\Debug_m7_0\Obj\evtgen_3404189088603873129.dir\cy_evtgen.o
#        D:\IARproject\Seekfree_CYT4BB_Opensource_Library\project\iar\Debug_m7_0\Obj\flash_8529866181315662935.dir\cy_flash.o
#        D:\IARproject\Seekfree_CYT4BB_Opensource_Library\project\iar\Debug_m7_0\Obj\gpio_3999404635324069351.dir\cy_gpio.o
#        D:\IARproject\Seekfree_CYT4BB_Opensource_Library\project\iar\Debug_m7_0\Obj\audioss_1346650047966882938.dir\cy_i2s.o
#        D:\IARproject\Seekfree_CYT4BB_Opensource_Library\project\iar\Debug_m7_0\Obj\rev_b_6162237342861132223.dir\cy_interrupt_map.o
#        D:\IARproject\Seekfree_CYT4BB_Opensource_Library\project\iar\Debug_m7_0\Obj\ipc_10145506163450686023.dir\cy_ipc_drv.o
#        D:\IARproject\Seekfree_CYT4BB_Opensource_Library\project\iar\Debug_m7_0\Obj\ipc_10145506163450686023.dir\cy_ipc_pipe.o
#        D:\IARproject\Seekfree_CYT4BB_Opensource_Library\project\iar\Debug_m7_0\Obj\ipc_10145506163450686023.dir\cy_ipc_sema.o
#        D:\IARproject\Seekfree_CYT4BB_Opensource_Library\project\iar\Debug_m7_0\Obj\lin_18429031207028094880.dir\cy_lin.o
#        D:\IARproject\Seekfree_CYT4BB_Opensource_Library\project\iar\Debug_m7_0\Obj\lvd_6353935867039560245.dir\cy_lvd.o
#        D:\IARproject\Seekfree_CYT4BB_Opensource_Library\project\iar\Debug_m7_0\Obj\mcwdt_4052485907822033969.dir\cy_mcwdt.o
#        D:\IARproject\Seekfree_CYT4BB_Opensource_Library\project\iar\Debug_m7_0\Obj\dma_12106025507578611576.dir\cy_mdma.o
#        D:\IARproject\Seekfree_CYT4BB_Opensource_Library\project\iar\Debug_m7_0\Obj\mpu_5663187252346826382.dir\cy_mpu.o
#        D:\IARproject\Seekfree_CYT4BB_Opensource_Library\project\iar\Debug_m7_0\Obj\flash_864493325053435817.dir\cy_mw_flash.o
#        D:\IARproject\Seekfree_CYT4BB_Opensource_Library\project\iar\Debug_m7_0\Obj\dma_12106025507578611576.dir\cy_pdma.o
#        D:\IARproject\Seekfree_CYT4BB_Opensource_Library\project\iar\Debug_m7_0\Obj\power_14453085144426420577.dir\cy_power.o
#        D:\IARproject\Seekfree_CYT4BB_Opensource_Library\project\iar\Debug_m7_0\Obj\prot_10722960861768657883.dir\cy_prot.o
#        D:\IARproject\Seekfree_CYT4BB_Opensource_Library\project\iar\Debug_m7_0\Obj\scb_15490842639181808494.dir\cy_scb_common.o
#        D:\IARproject\Seekfree_CYT4BB_Opensource_Library\project\iar\Debug_m7_0\Obj\scb_15490842639181808494.dir\cy_scb_ezi2c.o
#        D:\IARproject\Seekfree_CYT4BB_Opensource_Library\project\iar\Debug_m7_0\Obj\scb_15490842639181808494.dir\cy_scb_i2c.o
#        D:\IARproject\Seekfree_CYT4BB_Opensource_Library\project\iar\Debug_m7_0\Obj\scb_15490842639181808494.dir\cy_scb_spi.o
#        D:\IARproject\Seekfree_CYT4BB_Opensource_Library\project\iar\Debug_m7_0\Obj\scb_15490842639181808494.dir\cy_scb_uart.o
#        D:\IARproject\Seekfree_CYT4BB_Opensource_Library\project\iar\Debug_m7_0\Obj\sd_host_2982766354293506895.dir\cy_sd_host.o
#        D:\IARproject\Seekfree_CYT4BB_Opensource_Library\project\iar\Debug_m7_0\Obj\semihosting_143864889731838620.dir\cy_semihosting.o
#        D:\IARproject\Seekfree_CYT4BB_Opensource_Library\project\iar\Debug_m7_0\Obj\smartio_5451710003740070188.dir\cy_smartio.o
#        D:\IARproject\Seekfree_CYT4BB_Opensource_Library\project\iar\Debug_m7_0\Obj\smif_427648126384146252.dir\cy_smif.o
#        D:\IARproject\Seekfree_CYT4BB_Opensource_Library\project\iar\Debug_m7_0\Obj\smif_mem_6470536964353725183.dir\cy_smif_device_common.o
#        D:\IARproject\Seekfree_CYT4BB_Opensource_Library\project\iar\Debug_m7_0\Obj\smif_mem_6470536964353725183.dir\cy_smif_hb_flash.o
#        D:\IARproject\Seekfree_CYT4BB_Opensource_Library\project\iar\Debug_m7_0\Obj\smif_427648126384146252.dir\cy_smif_memslot.o
#        D:\IARproject\Seekfree_CYT4BB_Opensource_Library\project\iar\Debug_m7_0\Obj\smif_mem_6470536964353725183.dir\cy_smif_s25fl.o
#        D:\IARproject\Seekfree_CYT4BB_Opensource_Library\project\iar\Debug_m7_0\Obj\smif_mem_6470536964353725183.dir\cy_smif_s25fs.o
#        D:\IARproject\Seekfree_CYT4BB_Opensource_Library\project\iar\Debug_m7_0\Obj\smif_mem_6470536964353725183.dir\cy_smif_semp.o
#        D:\IARproject\Seekfree_CYT4BB_Opensource_Library\project\iar\Debug_m7_0\Obj\smif_427648126384146252.dir\cy_smif_ver_specific.o
#        D:\IARproject\Seekfree_CYT4BB_Opensource_Library\project\iar\Debug_m7_0\Obj\srom_13018798572330080582.dir\cy_srom.o
#        D:\IARproject\Seekfree_CYT4BB_Opensource_Library\project\iar\Debug_m7_0\Obj\sw_timer_4215635015939382130.dir\cy_sw_tmr.o
#        D:\IARproject\Seekfree_CYT4BB_Opensource_Library\project\iar\Debug_m7_0\Obj\sysclk_16149231235676103872.dir\cy_sysclk.o
#        D:\IARproject\Seekfree_CYT4BB_Opensource_Library\project\iar\Debug_m7_0\Obj\sysflt_12293435975120599261.dir\cy_sysflt.o
#        D:\IARproject\Seekfree_CYT4BB_Opensource_Library\project\iar\Debug_m7_0\Obj\sysint_7435970359207984181.dir\cy_sysint.o
#        D:\IARproject\Seekfree_CYT4BB_Opensource_Library\project\iar\Debug_m7_0\Obj\syslib_16330585751512546975.dir\cy_syslib.o
#        D:\IARproject\Seekfree_CYT4BB_Opensource_Library\project\iar\Debug_m7_0\Obj\syslib_16330585751512546975.dir\cy_syslib_iar.o
#        D:\IARproject\Seekfree_CYT4BB_Opensource_Library\project\iar\Debug_m7_0\Obj\syspm_10887939769544754770.dir\cy_syspm.o
#        D:\IARproject\Seekfree_CYT4BB_Opensource_Library\project\iar\Debug_m7_0\Obj\sysreghc_17676636058511625587.dir\cy_sysreghc.o
#        D:\IARproject\Seekfree_CYT4BB_Opensource_Library\project\iar\Debug_m7_0\Obj\sysreset_14586141425677365288.dir\cy_sysreset.o
#        D:\IARproject\Seekfree_CYT4BB_Opensource_Library\project\iar\Debug_m7_0\Obj\sysrtc_10747768817563771611.dir\cy_sysrtc.o
#        D:\IARproject\Seekfree_CYT4BB_Opensource_Library\project\iar\Debug_m7_0\Obj\systick_16016591671695740695.dir\cy_systick.o
#        D:\IARproject\Seekfree_CYT4BB_Opensource_Library\project\iar\Debug_m7_0\Obj\syswdt_9118657615806274156.dir\cy_syswdt.o
#        D:\IARproject\Seekfree_CYT4BB_Opensource_Library\project\iar\Debug_m7_0\Obj\tcpwm_422923530147891246.dir\cy_tcpwm.o
#        D:\IARproject\Seekfree_CYT4BB_Opensource_Library\project\iar\Debug_m7_0\Obj\tcpwm_422923530147891246.dir\cy_tcpwm_counter.o
#        D:\IARproject\Seekfree_CYT4BB_Opensource_Library\project\iar\Debug_m7_0\Obj\tcpwm_422923530147891246.dir\cy_tcpwm_pwm.o
#        D:\IARproject\Seekfree_CYT4BB_Opensource_Library\project\iar\Debug_m7_0\Obj\tcpwm_422923530147891246.dir\cy_tcpwm_quaddec.o
#        D:\IARproject\Seekfree_CYT4BB_Opensource_Library\project\iar\Debug_m7_0\Obj\tcpwm_422923530147891246.dir\cy_tcpwm_sr.o
#        D:\IARproject\Seekfree_CYT4BB_Opensource_Library\project\iar\Debug_m7_0\Obj\trigmux_9729677290734583340.dir\cy_trigmux.o
#        D:\IARproject\Seekfree_CYT4BB_Opensource_Library\project\iar\Debug_m7_0\Obj\ethernet_6029839089178797009.dir\edd.o
#        D:\IARproject\Seekfree_CYT4BB_Opensource_Library\project\iar\Debug_m7_0\Obj\ethernet_6029839089178797009.dir\edd_rx.o
#        D:\IARproject\Seekfree_CYT4BB_Opensource_Library\project\iar\Debug_m7_0\Obj\ethernet_6029839089178797009.dir\edd_tx.o
#        D:\IARproject\Seekfree_CYT4BB_Opensource_Library\project\iar\Debug_m7_0\Obj\user_8514941877209965082.dir\main_cm7_0.o
#        D:\IARproject\Seekfree_CYT4BB_Opensource_Library\project\iar\Debug_m7_0\Obj\code_17896468042025673432.dir\motor.o
#        D:\IARproject\Seekfree_CYT4BB_Opensource_Library\project\iar\Debug_m7_0\Obj\code_17896468042025673432.dir\pid.o
#        D:\IARproject\Seekfree_CYT4BB_Opensource_Library\project\iar\Debug_m7_0\Obj\zf_components_14936052685886095442.dir\seekfree_assistant.o
#        D:\IARproject\Seekfree_CYT4BB_Opensource_Library\project\iar\Debug_m7_0\Obj\zf_components_14936052685886095442.dir\seekfree_assistant_interface.o
#        D:\IARproject\Seekfree_CYT4BB_Opensource_Library\project\iar\Debug_m7_0\Obj\code_17896468042025673432.dir\sensor_pack.o
#        D:\IARproject\Seekfree_CYT4BB_Opensource_Library\project\iar\Debug_m7_0\Obj\startup_479057977785470282.dir\startup.o
#        D:\IARproject\Seekfree_CYT4BB_Opensource_Library\project\iar\Debug_m7_0\Obj\startup_479057977785470282.dir\startup_cm7.o
#        D:\IARproject\Seekfree_CYT4BB_Opensource_Library\project\iar\Debug_m7_0\Obj\rev_b_4986922561640112550.dir\system_tviibh4m_cm7.o
#        D:\IARproject\Seekfree_CYT4BB_Opensource_Library\project\iar\Debug_m7_0\Obj\zf_common_1201165462030747823.dir\zf_common_clock.o
#        D:\IARproject\Seekfree_CYT4BB_Opensource_Library\project\iar\Debug_m7_0\Obj\zf_common_1201165462030747823.dir\zf_common_debug.o
#        D:\IARproject\Seekfree_CYT4BB_Opensource_Library\project\iar\Debug_m7_0\Obj\zf_common_1201165462030747823.dir\zf_common_fifo.o
#        D:\IARproject\Seekfree_CYT4BB_Opensource_Library\project\iar\Debug_m7_0\Obj\zf_common_1201165462030747823.dir\zf_common_font.o
#        D:\IARproject\Seekfree_CYT4BB_Opensource_Library\project\iar\Debug_m7_0\Obj\zf_common_1201165462030747823.dir\zf_common_function.o
#        D:\IARproject\Seekfree_CYT4BB_Opensource_Library\project\iar\Debug_m7_0\Obj\zf_common_1201165462030747823.dir\zf_common_interrupt.o
#        D:\IARproject\Seekfree_CYT4BB_Opensource_Library\project\iar\Debug_m7_0\Obj\zf_device_6570275422786408770.dir\zf_device_ble6a20.o
#        D:\IARproject\Seekfree_CYT4BB_Opensource_Library\project\iar\Debug_m7_0\Obj\zf_device_6570275422786408770.dir\zf_device_dl1a.o
#        D:\IARproject\Seekfree_CYT4BB_Opensource_Library\project\iar\Debug_m7_0\Obj\zf_device_6570275422786408770.dir\zf_device_dl1b.o
#        D:\IARproject\Seekfree_CYT4BB_Opensource_Library\project\iar\Debug_m7_0\Obj\zf_device_6570275422786408770.dir\zf_device_gnss.o
#        D:\IARproject\Seekfree_CYT4BB_Opensource_Library\project\iar\Debug_m7_0\Obj\zf_device_6570275422786408770.dir\zf_device_icm20602.o
#        D:\IARproject\Seekfree_CYT4BB_Opensource_Library\project\iar\Debug_m7_0\Obj\zf_device_6570275422786408770.dir\zf_device_imu660ra.o
#        D:\IARproject\Seekfree_CYT4BB_Opensource_Library\project\iar\Debug_m7_0\Obj\zf_device_6570275422786408770.dir\zf_device_imu660rb.o
#        D:\IARproject\Seekfree_CYT4BB_Opensource_Library\project\iar\Debug_m7_0\Obj\zf_device_6570275422786408770.dir\zf_device_imu660rc.o
#        D:\IARproject\Seekfree_CYT4BB_Opensource_Library\project\iar\Debug_m7_0\Obj\zf_device_6570275422786408770.dir\zf_device_imu963ra.o
#        D:\IARproject\Seekfree_CYT4BB_Opensource_Library\project\iar\Debug_m7_0\Obj\zf_device_6570275422786408770.dir\zf_device_ips114.o
#        D:\IARproject\Seekfree_CYT4BB_Opensource_Library\project\iar\Debug_m7_0\Obj\zf_device_6570275422786408770.dir\zf_device_ips200.o
#        D:\IARproject\Seekfree_CYT4BB_Opensource_Library\project\iar\Debug_m7_0\Obj\zf_device_6570275422786408770.dir\zf_device_ips200pro.o
#        D:\IARproject\Seekfree_CYT4BB_Opensource_Library\project\iar\Debug_m7_0\Obj\zf_device_6570275422786408770.dir\zf_device_key.o
#        D:\IARproject\Seekfree_CYT4BB_Opensource_Library\project\iar\Debug_m7_0\Obj\zf_device_6570275422786408770.dir\zf_device_menc15a.o
#        D:\IARproject\Seekfree_CYT4BB_Opensource_Library\project\iar\Debug_m7_0\Obj\zf_device_6570275422786408770.dir\zf_device_mt9v03x.o
#        D:\IARproject\Seekfree_CYT4BB_Opensource_Library\project\iar\Debug_m7_0\Obj\zf_device_6570275422786408770.dir\zf_device_oled.o
#        D:\IARproject\Seekfree_CYT4BB_Opensource_Library\project\iar\Debug_m7_0\Obj\zf_device_6570275422786408770.dir\zf_device_pmw3901.o
#        D:\IARproject\Seekfree_CYT4BB_Opensource_Library\project\iar\Debug_m7_0\Obj\zf_device_6570275422786408770.dir\zf_device_tft180.o
#        D:\IARproject\Seekfree_CYT4BB_Opensource_Library\project\iar\Debug_m7_0\Obj\zf_device_6570275422786408770.dir\zf_device_tsl1401.o
#        D:\IARproject\Seekfree_CYT4BB_Opensource_Library\project\iar\Debug_m7_0\Obj\zf_device_6570275422786408770.dir\zf_device_type.o
#        D:\IARproject\Seekfree_CYT4BB_Opensource_Library\project\iar\Debug_m7_0\Obj\zf_device_6570275422786408770.dir\zf_device_uart_receiver.o
#        D:\IARproject\Seekfree_CYT4BB_Opensource_Library\project\iar\Debug_m7_0\Obj\zf_device_6570275422786408770.dir\zf_device_wifi_spi.o
#        D:\IARproject\Seekfree_CYT4BB_Opensource_Library\project\iar\Debug_m7_0\Obj\zf_device_6570275422786408770.dir\zf_device_wifi_uart.o
#        D:\IARproject\Seekfree_CYT4BB_Opensource_Library\project\iar\Debug_m7_0\Obj\zf_device_6570275422786408770.dir\zf_device_wireless_uart.o
#        D:\IARproject\Seekfree_CYT4BB_Opensource_Library\project\iar\Debug_m7_0\Obj\zf_driver_11922370083829174090.dir\zf_driver_adc.o
#        D:\IARproject\Seekfree_CYT4BB_Opensource_Library\project\iar\Debug_m7_0\Obj\zf_driver_11922370083829174090.dir\zf_driver_delay.o
#        D:\IARproject\Seekfree_CYT4BB_Opensource_Library\project\iar\Debug_m7_0\Obj\zf_driver_11922370083829174090.dir\zf_driver_dma.o
#        D:\IARproject\Seekfree_CYT4BB_Opensource_Library\project\iar\Debug_m7_0\Obj\zf_driver_11922370083829174090.dir\zf_driver_encoder.o
#        D:\IARproject\Seekfree_CYT4BB_Opensource_Library\project\iar\Debug_m7_0\Obj\zf_driver_11922370083829174090.dir\zf_driver_exti.o
#        D:\IARproject\Seekfree_CYT4BB_Opensource_Library\project\iar\Debug_m7_0\Obj\zf_driver_11922370083829174090.dir\zf_driver_flash.o
#        D:\IARproject\Seekfree_CYT4BB_Opensource_Library\project\iar\Debug_m7_0\Obj\zf_driver_11922370083829174090.dir\zf_driver_gpio.o
#        D:\IARproject\Seekfree_CYT4BB_Opensource_Library\project\iar\Debug_m7_0\Obj\zf_driver_11922370083829174090.dir\zf_driver_ipc.o
#        D:\IARproject\Seekfree_CYT4BB_Opensource_Library\project\iar\Debug_m7_0\Obj\zf_driver_11922370083829174090.dir\zf_driver_pit.o
#        D:\IARproject\Seekfree_CYT4BB_Opensource_Library\project\iar\Debug_m7_0\Obj\zf_driver_11922370083829174090.dir\zf_driver_pwm.o
#        D:\IARproject\Seekfree_CYT4BB_Opensource_Library\project\iar\Debug_m7_0\Obj\zf_driver_11922370083829174090.dir\zf_driver_soft_iic.o
#        D:\IARproject\Seekfree_CYT4BB_Opensource_Library\project\iar\Debug_m7_0\Obj\zf_driver_11922370083829174090.dir\zf_driver_soft_spi.o
#        D:\IARproject\Seekfree_CYT4BB_Opensource_Library\project\iar\Debug_m7_0\Obj\zf_driver_11922370083829174090.dir\zf_driver_spi.o
#        D:\IARproject\Seekfree_CYT4BB_Opensource_Library\project\iar\Debug_m7_0\Obj\zf_driver_11922370083829174090.dir\zf_driver_timer.o
#        D:\IARproject\Seekfree_CYT4BB_Opensource_Library\project\iar\Debug_m7_0\Obj\zf_driver_11922370083829174090.dir\zf_driver_uart.o
#        D:\IARproject\Seekfree_CYT4BB_Opensource_Library\project\iar\Debug_m7_0\Obj\code_17896468042025673432.dir\zita.o
#        --no_out_extension -o
#        D:\IARproject\Seekfree_CYT4BB_Opensource_Library\project\iar\project_config\Debug_m7_0\Exe\cyt4bb7_cm_7_0.out
#        --config_def _CORE_cm7_0_=0 --config_def _LINK_flash_=0 --map
#        D:\IARproject\Seekfree_CYT4BB_Opensource_Library\project\iar\Debug_m7_0\List\cyt4bb7_cm_7_0.map
#        --config
#        D:\IARproject\Seekfree_CYT4BB_Opensource_Library\project\iar\project_config\..\icf\linker_directives_tviibh.icf
#        --semihosting
#        D:\IARproject\Seekfree_CYT4BB_Opensource_Library\project\iar\project_config\..\..\..\libraries\sdk\tviibh4m\src\drivers\crypto\libs\libcrypto_server_cm0plus_iar.a
#        D:\IARproject\Seekfree_CYT4BB_Opensource_Library\project\iar\project_config\..\..\..\libraries\zf_device\zf_device_config.a
#        D:\IARproject\Seekfree_CYT4BB_Opensource_Library\project\iar\project_config\..\..\..\libraries\sdk\common\hdr\cmsis\dsp\iar_cortexM7lf_math.a
#        --entry __iar_program_start --vfe --text_out locale --cpu=Cortex-M7
#        --fpu=VFPv5_d16) --dependencies=n
#        D:\IARproject\Seekfree_CYT4BB_Opensource_Library\project\iar\project_config\Debug_m7_0\Exe\cyt4bb7_cm_7_0.out.iar_deps
#
###############################################################################

*******************************************************************************
*** RUNTIME MODEL ATTRIBUTES
***

CppFlavor       = *
__CPP_Runtime   = 1
__Heap_Handler  = Basic
__SystemLibrary = DLib
__dlib_version  = 6


*******************************************************************************
*** HEAP SELECTION
***

The basic heap was selected because --advanced_heap
was not specified and the application did not appear to
be primarily optimized for speed.


*******************************************************************************
*** PLACEMENT SUMMARY
***

"A0":  place at start of [from 0x1008'0000 to 0x1027'ffff] { section .intvec };
"P1":  place in [from 0x1008'0000 to 0x1027'ffff] { ro };
"P2":  place in [from 0x2802'0000 to 0x2807'ffff] { rw };
define block HEAP with size = 1K, alignment = 8 { };
define block CSTACK with size = 8K, alignment = 8 { };
define block HEAP_STACK { block HEAP, last block CSTACK };
"A1":  place at end of [from 0x2802'0000 to 0x2807'ffff] { block HEAP_STACK };
do not initialize { section .intvec_ram };
initialize by copy { rw };

No sections matched the following patterns:

  ro section .sflash_app_prot  in "P6"
  ro section .sflash_nar       in "P4"
  ro section .sflash_pkey      in "P5"
  ro section .sflash_toc2      in "P7"
  ro section .sflash_uf_rows   in "P3"
  ro section .work_flash       in "P8"
  section .global_ram_data     in "P9"


  Section            Kind         Address    Size  Object
  -------            ----         -------    ----  ------
"A0":                                        0x80
  .intvec            ro code  0x1008'0000    0x80  startup_cm7.o [31]
                            - 0x1008'0080    0x80

"P1":                                      0xba6a
  .rodata            const    0x1008'0080  0x2000  zf_device_config.o [54]
  .text              ro code  0x1008'2080   0xeae  xprintffull_nomb.o [50]
  .text              ro code  0x1008'2f2e    0x7e  lz77_init_single.o [52]
  .text              ro code  0x1008'2fac    0x16  strchr.o [52]
  .text              ro code  0x1008'2fc2     0xa  xsprout.o [50]
  .text              ro code  0x1008'2fcc    0x40  xfail_s.o [50]
  .text              ro code  0x1008'300c    0x36  strlen.o [52]
  .text              ro code  0x1008'3044    0x58  memchr.o [52]
  .text              ro code  0x1008'309c    0xa6  ABImemcpy.o [52]
  .text              ro code  0x1008'3144    0x70  frexp.o [51]
  .text              ro code  0x1008'31b4    0x34  DblCmpLe.o [51]
  .text              ro code  0x1008'31e8    0x34  DblCmpGe.o [51]
  .text              ro code  0x1008'321c   0x104  ldexp.o [51]
  .text              ro code  0x1008'3320     0xe  DblToS32.o [51]
  .text              ro code  0x1008'332e     0xe  S32ToDbl.o [51]
  .text              ro code  0x1008'333c    0x12  DblSub.o [51]
  .text              ro code  0x1008'334e    0x12  DblDiv.o [51]
  .text              ro code  0x1008'3360     0xe  DblToU32.o [51]
  .text              ro code  0x1008'336e     0xe  U32ToDbl.o [51]
  .text              ro code  0x1008'337c    0x12  DblMul.o [51]
  .text              ro code  0x1008'3390   0x230  I64DivMod.o [52]
  .text              ro code  0x1008'35c0     0x6  abort.o [50]
  .text              ro code  0x1008'35c8     0x2  I64DivZer.o [52]
  .text              ro code  0x1008'35cc    0x14  exit.o [53]
  .text              ro code  0x1008'35e0   0xe18  zf_driver_pwm.o [49]
  .text              ro code  0x1008'43f8   0x454  zf_common_debug.o [46]
  .text              ro code  0x1008'484c    0x66  ABImemset.o [52]
  .text              ro code  0x1008'48b4   0x194  cy_gpio.o [14]
  .text              ro code  0x1008'4a48   0x20a  cy_tcpwm_pwm.o [43]
  .text              ro code  0x1008'4c52     0xc  cy_tcpwm.o [43]
  .text              ro code  0x1008'4c60   0xcdc  zf_driver_uart.o [49]
  .text              ro code  0x1008'593c    0x40  sprintf.o [50]
  .text              ro code  0x1008'597c   0x448  zf_common_fifo.o [46]
  .text              ro code  0x1008'5dc4    0xe2  zf_common_interrupt.o [46]
  .text              ro code  0x1008'5ea8     0x6  ABImemclr4.o [52]
  .text              ro code  0x1008'5eb0   0x314  cy_scb_uart.o [24]
  .text              ro code  0x1008'61c4    0xac  cy_sysint.o [35]
  .text              ro code  0x1008'6270    0x32  ABImemset48.o [52]
  .text              ro code  0x1008'62a4   0xa9c  zf_driver_spi.o [49]
  .text              ro code  0x1008'6d40   0x1f0  cy_scb_spi.o [24]
  .text              ro code  0x1008'6f30   0x8e8  cy_sysclk.o [33]
  .text              ro code  0x1008'7818    0x70  strncpy.o [52]
  .text              ro code  0x1008'7888    0xa8  cy_syslib.o [36]
  .text              ro code  0x1008'7930     0x2  cy_syslib.o [36]
  .text              ro code  0x1008'7934   0x600  zf_driver_soft_iic.o [49]
  .text              ro code  0x1008'7f34   0x1a4  zf_driver_gpio.o [49]
  .text              ro code  0x1008'80d8   0x538  zita.o [5]
  .text              ro code  0x1008'8610   0x258  zf_device_imu660ra.o [48]
  .text              ro code  0x1008'8868   0x2d8  zf_driver_delay.o [49]
  .text              ro code  0x1008'8b40    0x1e  sqrtf.o [51]
  .text              ro code  0x1008'8b60    0x5c  asinf.o [51]
  .text              ro code  0x1008'8bbc    0x6a  atan2f.o [51]
  .text              ro code  0x1008'8c28   0x1b8  cy_tcpwm_counter.o [43]
  .text              ro code  0x1008'8de0    0xa4  xatanf.o [51]
  .text              ro code  0x1008'8e84   0x4d0  control.o [5]
  .text              ro code  0x1008'9354   0x288  pid.o [5]
  .text              ro code  0x1008'95dc   0x19c  motor.o [5]
  .text              ro code  0x1008'9778    0xe8  sensor_pack.o [5]
  .text              ro code  0x1008'9860    0x28  printf.o [50]
  .text              ro code  0x1008'9888   0x200  zf_device_dl1b.o [48]
  .text              ro code  0x1008'9a88   0x43c  zf_device_pmw3901.o [48]
  .text              ro code  0x1008'9ec4    0x64  zf_device_type.o [48]
  .text              ro code  0x1008'9f28   0x398  zf_driver_pit.o [49]
  .text              ro code  0x1008'a2c0   0x2a8  zf_driver_timer.o [49]
  .text              ro code  0x1008'a568   0x204  startup.o [31]
  .text              ro code  0x1008'a76c   0x150  system_tviibh4m_cm7.o [22]
  .text              ro code  0x1008'a8bc     0x8  startup_cm7.o [31]
  .text              ro code  0x1008'a8c4     0x6  startup_cm7.o [31]
  .text              ro code  0x1008'a8cc   0x198  cy_interrupt_map.o [23]
  .text              ro code  0x1008'aa64   0x16c  zf_device_uart_receiver.o [48]
  .text              ro code  0x1008'abd0   0x118  cm7_0_isr.o [45]
  .text              ro code  0x1008'ace8    0x7c  zf_device_tsl1401.o [48]
  .text              ro code  0x1008'ad64   0x114  zf_device_gnss.o [48]
  .text              ro code  0x1008'ae78    0x74  zf_driver_adc.o [49]
  .text              ro code  0x1008'aeec    0x2a  strncmp.o [50]
  .rodata            const    0x1008'af18    0xb0  control.o [5]
  .text              ro code  0x1008'afc8    0xb0  startup_cm7.o [31]
  .rodata            const    0x1008'b078    0x88  zf_device_config.o [54]
  .text              ro code  0x1008'b100    0x7c  main_cm7_0.o [45]
  .text              ro code  0x1008'b17c    0x1c  zf_common_clock.o [46]
  .rodata            const    0x1008'b198    0x6c  system_tviibh4m_cm7.o [22]
  .rodata            const    0x1008'b204    0x68  cy_sysclk.o [33]
  .rodata            const    0x1008'b26c    0x68  cy_sysclk.o [33]
  .rodata            const    0x1008'b2d4    0x5c  zf_device_imu660ra.o [48]
  .rodata            const    0x1008'b330    0x5c  zf_device_pmw3901.o [48]
  .rodata            const    0x1008'b38c    0x5c  zf_driver_soft_iic.o [49]
  .rodata            const    0x1008'b3e8    0x58  zf_common_fifo.o [46]
  .rodata            const    0x1008'b440    0x58  zf_driver_pwm.o [49]
  .rodata            const    0x1008'b498    0x58  zf_driver_spi.o [49]
  .rodata            const    0x1008'b4f0    0x58  zf_driver_uart.o [49]
  .text              ro code  0x1008'b548    0x38  zero_init3.o [52]
  .rodata            const    0x1008'b580    0x30  sensor_pack.o [5]
  .rodata            const    0x1008'b5b0    0x2c  sensor_pack.o [5]
  .rodata            const    0x1008'b5dc    0x2c  sensor_pack.o [5]
  .text              ro code  0x1008'b608    0x28  data_init.o [52]
  .text              ro code  0x1008'b630    0x22  fpinit_M.o [51]
  .iar.init_table    const    0x1008'b654    0x20  - Linker created -
  .rodata            const    0x1008'b674    0x20  zf_device_pmw3901.o [48]
  .rodata            const    0x1008'b694    0x20  zf_device_pmw3901.o [48]
  .text              ro code  0x1008'b6b4    0x20  startup_cm7.o [31]
  .text              ro code  0x1008'b6d4    0x20  putchar.o [50]
  .text              ro code  0x1008'b700    0x1e  cy_syslib_iar.o [36]
  .text              ro code  0x1008'b720    0x1e  cmain.o [52]
  .text              ro code  0x1008'b740     0x4  startup_cm7.o [31]
  .text              ro code  0x1008'b744     0x4  exit.o [50]
  .text              ro code  0x1008'b748     0xa  cexit.o [52]
  .rodata            const    0x1008'b754    0x1c  zf_common_debug.o [46]
  .rodata            const    0x1008'b770    0x1c  zf_device_imu660ra.o [48]
  .text              ro code  0x1008'b78c    0x1c  startup_cm7.o [31]
  .text              ro code  0x1008'b7a8    0x1c  cstartup_M.o [52]
  .rodata            const    0x1008'b7c4    0x18  sensor_pack.o [5]
  .rodata            const    0x1008'b7dc    0x18  startup.o [31]
  .rodata            const    0x1008'b7f4    0x18  system_tviibh4m_cm7.o [22]
  .rodata            const    0x1008'b80c    0x18  zf_common_debug.o [46]
  .rodata            const    0x1008'b824    0x18  zf_device_imu660ra.o [48]
  .text              ro code  0x1008'b83c    0x16  xprout.o [50]
  .rodata            const    0x1008'b854    0x10  zf_common_debug.o [46]
  .rodata            const    0x1008'b864    0x10  zf_common_debug.o [46]
  .rodata            const    0x1008'b874     0xc  zf_common_debug.o [46]
  .rodata            const    0x1008'b880     0xc  zf_common_debug.o [46]
  .rodata            const    0x1008'b88c     0xc  zf_common_debug.o [46]
  .text              ro code  0x1008'b898     0xc  cy_syslib.o [36]
  .rodata            const    0x1008'b8a4     0x8  cy_sysclk.o [33]
  .rodata            const    0x1008'b8ac     0x4  cy_interrupt_map.o [23]
  .rodata            const    0x1008'b8b0     0x4  cy_interrupt_map.o [23]
  .rodata            const    0x1008'b8b4     0x4  cy_interrupt_map.o [23]
  .rodata            const    0x1008'b8b8     0x4  cy_interrupt_map.o [23]
  .rodata            const    0x1008'b8bc     0x4  cy_interrupt_map.o [23]
  .rodata            const    0x1008'b8c0     0x4  cy_interrupt_map.o [23]
  .rodata            const    0x1008'b8c4     0x4  cy_interrupt_map.o [23]
  .rodata            const    0x1008'b8c8     0x4  cy_interrupt_map.o [23]
  .rodata            const    0x1008'b8cc     0x4  cy_scb_spi.o [24]
  .rodata            const    0x1008'b8d0     0x4  cy_scb_spi.o [24]
  .rodata            const    0x1008'b8d4     0x4  cy_scb_spi.o [24]
  .rodata            const    0x1008'b8d8     0x4  cy_scb_spi.o [24]
  .rodata            const    0x1008'b8dc     0x4  cy_scb_uart.o [24]
  .rodata            const    0x1008'b8e0     0x4  cy_scb_uart.o [24]
  .rodata            const    0x1008'b8e4     0x4  cy_scb_uart.o [24]
  .rodata            const    0x1008'b8e8     0x4  cy_scb_uart.o [24]
  .rodata            const    0x1008'b8ec     0x4  cy_scb_uart.o [24]
  .rodata            const    0x1008'b8f0     0x4  cy_scb_uart.o [24]
  .rodata            const    0x1008'b8f4     0x4  cy_scb_uart.o [24]
  .rodata            const    0x1008'b8f8     0x4  cy_scb_uart.o [24]
  .rodata            const    0x1008'b8fc     0x4  cy_scb_uart.o [24]
  .rodata            const    0x1008'b900     0x4  cy_scb_uart.o [24]
  .rodata            const    0x1008'b904     0x4  cy_sysint.o [35]
  .rodata            const    0x1008'b908     0x4  cy_sysint.o [35]
  .rodata            const    0x1008'b90c     0x4  cy_tcpwm_counter.o [43]
  .rodata            const    0x1008'b910     0x4  cy_tcpwm_counter.o [43]
  .rodata            const    0x1008'b914     0x4  cy_tcpwm_counter.o [43]
  .rodata            const    0x1008'b918     0x4  cy_tcpwm_counter.o [43]
  .rodata            const    0x1008'b91c     0x4  cy_tcpwm_counter.o [43]
  .rodata            const    0x1008'b920     0x4  cy_tcpwm_pwm.o [43]
  .rodata            const    0x1008'b924     0x4  cy_tcpwm_pwm.o [43]
  .rodata            const    0x1008'b928     0x4  cy_tcpwm_pwm.o [43]
  .rodata            const    0x1008'b92c     0x4  cy_tcpwm_pwm.o [43]
  .rodata            const    0x1008'b930     0x4  cy_tcpwm_pwm.o [43]
  .rodata            const    0x1008'b934     0x4  cy_tcpwm_pwm.o [43]
  .rodata            const    0x1008'b938     0x4  cy_tcpwm_pwm.o [43]
  .text              ro code  0x1008'b93c     0x4  startup_cm7.o [31]
  .text              ro code  0x1008'b940     0x4  startup_cm7.o [31]
  .text              ro code  0x1008'b944     0x4  startup_cm7.o [31]
  .text              ro code  0x1008'b948     0x4  startup_cm7.o [31]
  .text              ro code  0x1008'b94c     0x4  startup_cm7.o [31]
  .text              ro code  0x1008'b950     0x4  startup_cm7.o [31]
  .text              ro code  0x1008'b954     0x4  startup_cm7.o [31]
  .text              ro code  0x1008'b958     0x4  startup_cm7.o [31]
  .text              ro code  0x1008'b95c     0x4  startup_cm7.o [31]
  .text              ro code  0x1008'b960     0x4  startup_cm7.o [31]
  .text              ro code  0x1008'b964     0x4  startup_cm7.o [31]
  .text              ro code  0x1008'b968     0x4  startup_cm7.o [31]
  .text              ro code  0x1008'b96c     0x4  startup_cm7.o [31]
  .text              ro code  0x1008'b970     0x4  startup_cm7.o [31]
  .text              ro code  0x1008'b974     0x4  startup_cm7.o [31]
  .rodata            const    0x1008'b978     0x0  zero_init3.o [52]
  .rodata            const    0x1008'b978     0x0  lz77_init_single.o [52]
  Initializer bytes  const    0x1008'b978    0xb5  <for P2-1>
                            - 0x1008'ba2d  0xb9ad

"P2", part 1 of 3:                          0x7a6
  P2-1                        0x2802'0000   0x7a6  <Init block>
    .data            inited   0x2802'0000     0x4  control.o [5]
    .data            inited   0x2802'0004     0x4  control.o [5]
    .data            inited   0x2802'0008   0x6ec  cy_interrupt_map.o [23]
    .data            inited   0x2802'06f4     0x4  cy_interrupt_map.o [23]
    .data            inited   0x2802'06f8     0x8  zf_device_imu660ra.o [48]
    .data            inited   0x2802'0700     0x4  zf_device_type.o [48]
    .data            inited   0x2802'0704     0x4  zf_device_type.o [48]
    .data            inited   0x2802'0708     0x4  zf_device_type.o [48]
    .data            inited   0x2802'070c     0xc  zf_driver_adc.o [49]
    .data            inited   0x2802'0718    0x3c  zf_driver_pit.o [49]
    .data            inited   0x2802'0754    0x10  zf_driver_spi.o [49]
    .data            inited   0x2802'0764    0x1c  zf_driver_uart.o [49]
    .data            inited   0x2802'0780    0x1c  zf_driver_uart.o [49]
    .data            inited   0x2802'079c     0x4  zita.o [5]
    .data            inited   0x2802'07a0     0x2  zf_device_dl1b.o [48]
    .data            inited   0x2802'07a2     0x2  zf_driver_delay.o [49]
    .data            inited   0x2802'07a4     0x1  zf_common_debug.o [46]
    .data            inited   0x2802'07a5     0x1  zf_driver_delay.o [49]
                            - 0x2802'07a6   0x7a6

"P2", part 2 of 3:                          0x95c
  .bss               zero     0x2802'07a8   0x200  zf_device_tsl1401.o [48]
  .bss               zero     0x2802'09a8   0x188  zf_driver_uart.o [49]
  .bss               zero     0x2802'0b30    0x80  zf_device_gnss.o [48]
  .bss               zero     0x2802'0bb0    0x80  zf_device_gnss.o [48]
  .bss               zero     0x2802'0c30    0x80  zf_device_gnss.o [48]
  .bss               zero     0x2802'0cb0    0x70  cy_syslib.o [36]
  .bss               zero     0x2802'0d20    0x70  zf_driver_uart.o [49]
  .bss               zero     0x2802'0d90    0x48  zf_driver_adc.o [49]
  .bss               zero     0x2802'0dd8    0x40  zf_common_debug.o [46]
  .bss               zero     0x2802'0e18    0x20  pid.o [5]
  .bss               zero     0x2802'0e38    0x20  pid.o [5]
  .bss               zero     0x2802'0e58    0x20  pid.o [5]
  .bss               zero     0x2802'0e78    0x20  pid.o [5]
  .bss               zero     0x2802'0e98    0x20  pid.o [5]
  .bss               zero     0x2802'0eb8    0x20  pid.o [5]
  .bss               zero     0x2802'0ed8    0x20  pid.o [5]
  .bss               zero     0x2802'0ef8    0x20  pid.o [5]
  .bss               zero     0x2802'0f18    0x20  pid.o [5]
  .bss               zero     0x2802'0f38    0x1c  zf_device_uart_receiver.o [48]
  .bss               zero     0x2802'0f54    0x18  cy_sysclk.o [33]
  .bss               zero     0x2802'0f6c    0x18  cy_syslib.o [36]
  .bss               zero     0x2802'0f84    0x18  zf_common_debug.o [46]
  .bss               zero     0x2802'0f9c    0x18  zf_device_gnss.o [48]
  .bss               zero     0x2802'0fb4    0x14  zf_common_debug.o [46]
  .bss               zero     0x2802'0fc8    0x10  zf_device_dl1b.o [48]
  .bss               zero     0x2802'0fd8    0x10  zf_device_uart_receiver.o [48]
  .bss               zero     0x2802'0fe8     0xc  control.o [5]
  .bss               zero     0x2802'0ff4     0xc  control.o [5]
  .bss               zero     0x2802'1000     0xc  zita.o [5]
  .bss               zero     0x2802'100c     0xc  zita.o [5]
  .bss               zero     0x2802'1018     0xc  zita.o [5]
  .bss               zero     0x2802'1024     0xc  zita.o [5]
  .bss               zero     0x2802'1030     0x8  zf_driver_uart.o [49]
  .bss               zero     0x2802'1038     0x8  zf_driver_uart.o [49]
  .bss               zero     0x2802'1040     0x4  control.o [5]
  .bss               zero     0x2802'1044     0x4  control.o [5]
  .bss               zero     0x2802'1048     0x4  control.o [5]
  .bss               zero     0x2802'104c     0x4  control.o [5]
  .bss               zero     0x2802'1050     0x4  control.o [5]
  .bss               zero     0x2802'1054     0x4  control.o [5]
  .bss               zero     0x2802'1058     0x4  control.o [5]
  .bss               zero     0x2802'105c     0x4  control.o [5]
  .bss               zero     0x2802'1060     0x4  control.o [5]
  .bss               zero     0x2802'1064     0x4  control.o [5]
  .bss               zero     0x2802'1068     0x4  control.o [5]
  .bss               zero     0x2802'106c     0x4  control.o [5]
  .bss               zero     0x2802'1070     0x4  control.o [5]
  .bss               zero     0x2802'1074     0x4  control.o [5]
  .bss               zero     0x2802'1078     0x4  control.o [5]
  .bss               zero     0x2802'107c     0x4  cy_syslib.o [36]
  .bss               zero     0x2802'1080     0x4  motor.o [5]
  .bss               zero     0x2802'1084     0x4  motor.o [5]
  .bss               zero     0x2802'1088     0x4  motor.o [5]
  .bss               zero     0x2802'108c     0x4  motor.o [5]
  .bss               zero     0x2802'1090     0x4  system_tviibh4m_cm7.o [22]
  .bss               zero     0x2802'1094     0x4  system_tviibh4m_cm7.o [22]
  .bss               zero     0x2802'1098     0x4  system_tviibh4m_cm7.o [22]
  .bss               zero     0x2802'109c     0x4  system_tviibh4m_cm7.o [22]
  .bss               zero     0x2802'10a0     0x4  system_tviibh4m_cm7.o [22]
  .bss               zero     0x2802'10a4     0x4  zf_common_clock.o [46]
  .bss               zero     0x2802'10a8     0x4  zf_common_interrupt.o [46]
  .bss               zero     0x2802'10ac     0x4  zf_device_pmw3901.o [48]
  .bss               zero     0x2802'10b0     0x4  zf_device_pmw3901.o [48]
  .bss               zero     0x2802'10b4     0x4  zf_driver_spi.o [49]
  .bss               zero     0x2802'10b8     0x4  zf_driver_timer.o [49]
  .bss               zero     0x2802'10bc     0x4  zita.o [5]
  .bss               zero     0x2802'10c0     0x4  zita.o [5]
  .bss               zero     0x2802'10c4     0x4  zita.o [5]
  .bss               zero     0x2802'10c8     0x4  zita.o [5]
  .bss               zero     0x2802'10cc     0x4  zita.o [5]
  .bss               zero     0x2802'10d0     0x4  zita.o [5]
  .bss               zero     0x2802'10d4     0x4  xfail_s.o [50]
  .bss               zero     0x2802'10d8     0x2  control.o [5]
  .bss               zero     0x2802'10da     0x2  zf_device_imu660ra.o [48]
  .bss               zero     0x2802'10dc     0x2  zf_device_imu660ra.o [48]
  .bss               zero     0x2802'10de     0x2  zf_device_imu660ra.o [48]
  .bss               zero     0x2802'10e0     0x2  zf_device_imu660ra.o [48]
  .bss               zero     0x2802'10e2     0x2  zf_device_imu660ra.o [48]
  .bss               zero     0x2802'10e4     0x2  zf_device_imu660ra.o [48]
  .bss               zero     0x2802'10e6     0x2  zf_device_pmw3901.o [48]
  .bss               zero     0x2802'10e8     0x2  zf_device_pmw3901.o [48]
  .bss               zero     0x2802'10ea     0x1  control.o [5]
  .bss               zero     0x2802'10eb     0x1  control.o [5]
  .bss               zero     0x2802'10ec     0x1  control.o [5]
  .bss               zero     0x2802'10ed     0x1  cy_sysclk.o [33]
  .bss               zero     0x2802'10ee     0x1  main_cm7_0.o [45]
  .bss               zero     0x2802'10ef     0x1  sensor_pack.o [5]
  .bss               zero     0x2802'10f0     0x1  sensor_pack.o [5]
  .bss               zero     0x2802'10f1     0x1  zf_common_debug.o [46]
  .bss               zero     0x2802'10f2     0x1  zf_common_debug.o [46]
  .bss               zero     0x2802'10f3     0x1  zf_common_debug.o [46]
  .bss               zero     0x2802'10f4     0x1  zf_device_dl1b.o [48]
  .bss               zero     0x2802'10f5     0x1  zf_device_dl1b.o [48]
  .bss               zero     0x2802'10f6     0x1  zf_device_gnss.o [48]
  .bss               zero     0x2802'10f7     0x1  zf_device_gnss.o [48]
  .bss               zero     0x2802'10f8     0x1  zf_device_gnss.o [48]
  .bss               zero     0x2802'10f9     0x1  zf_device_gnss.o [48]
  .bss               zero     0x2802'10fa     0x1  zf_device_gnss.o [48]
  .bss               zero     0x2802'10fb     0x1  zf_device_pmw3901.o [48]
  .bss               zero     0x2802'10fc     0x1  zf_device_tsl1401.o [48]
  .bss               zero     0x2802'10fd     0x1  zf_device_tsl1401.o [48]
  .bss               zero     0x2802'10fe     0x1  zf_device_type.o [48]
  .bss               zero     0x2802'10ff     0x1  zf_device_type.o [48]
  .bss               zero     0x2802'1100     0x1  zf_device_uart_receiver.o [48]
                            - 0x2802'1101   0x959

"P2", part 3 of 3:                           0x80
  .intvec_ram        uninit   0x2802'1180    0x80  startup_cm7.o [31]
                            - 0x2802'1200    0x80

"A1":                                      0x2000
  HEAP_STACK                  0x2807'e000  0x2000  <Block>
    CSTACK                    0x2807'e000  0x2000  <Block>
      CSTACK         uninit   0x2807'e000  0x2000  <Block tail>
                            - 0x2808'0000  0x2000

Unused ranges:

         From           To       Size
         ----           --       ----
  0x1008'baea  0x1027'ffff  0x1f'4516
  0x2802'07a6  0x2802'07a7        0x2
  0x2802'1104  0x2802'117f       0x7c
  0x2802'1200  0x2807'dfff   0x5'ce00


*******************************************************************************
*** INIT TABLE
***

          Address      Size
          -------      ----
Zero (__iar_zero_init3)
    1 destination range, total size 0x959:
          0x2802'07a8  0x959

Copy/lz77 (__iar_lz77_init_single3)
    1 source range, total size 0xb5 (9% of destination):
          0x1008'b978   0xb5
    1 destination range, total size 0x7a6:
          0x2802'0000  0x7a6



*******************************************************************************
*** MODULE SUMMARY
***

    Module                     ro code  ro data  rw data
    ------                     -------  -------  -------
command line/config:
    ----------------------------------------------------
    Total:

D:\IARproject\Seekfree_CYT4BB_Opensource_Library\project\iar\Debug_m7_0\Obj\adc_11722776235721520015.dir: [1]
    ----------------------------------------------------
    Total:

D:\IARproject\Seekfree_CYT4BB_Opensource_Library\project\iar\Debug_m7_0\Obj\audioss_1346650047966882938.dir: [2]
    ----------------------------------------------------
    Total:

D:\IARproject\Seekfree_CYT4BB_Opensource_Library\project\iar\Debug_m7_0\Obj\button_4990804375159372270.dir: [3]
    ----------------------------------------------------
    Total:

D:\IARproject\Seekfree_CYT4BB_Opensource_Library\project\iar\Debug_m7_0\Obj\canfd_1800690984773873875.dir: [4]
    ----------------------------------------------------
    Total:

D:\IARproject\Seekfree_CYT4BB_Opensource_Library\project\iar\Debug_m7_0\Obj\code_17896468042025673432.dir: [5]
    control.o                    1'232      176       97
    motor.o                        412                16
    pid.o                          648               288
    sensor_pack.o                  232      160        2
    zita.o                       1'336                76
    ----------------------------------------------------
    Total:                       3'860      336      479

D:\IARproject\Seekfree_CYT4BB_Opensource_Library\project\iar\Debug_m7_0\Obj\cpu_15938736945165268644.dir: [6]
    ----------------------------------------------------
    Total:

D:\IARproject\Seekfree_CYT4BB_Opensource_Library\project\iar\Debug_m7_0\Obj\crypto_1190170608956581615.dir: [7]
    ----------------------------------------------------
    Total:

D:\IARproject\Seekfree_CYT4BB_Opensource_Library\project\iar\Debug_m7_0\Obj\dma_12106025507578611576.dir: [8]
    ----------------------------------------------------
    Total:

D:\IARproject\Seekfree_CYT4BB_Opensource_Library\project\iar\Debug_m7_0\Obj\eth_phy_18133017486186456677.dir: [9]
    ----------------------------------------------------
    Total:

D:\IARproject\Seekfree_CYT4BB_Opensource_Library\project\iar\Debug_m7_0\Obj\ethernet_6029839089178797009.dir: [10]
    ----------------------------------------------------
    Total:

D:\IARproject\Seekfree_CYT4BB_Opensource_Library\project\iar\Debug_m7_0\Obj\evtgen_3404189088603873129.dir: [11]
    ----------------------------------------------------
    Total:

D:\IARproject\Seekfree_CYT4BB_Opensource_Library\project\iar\Debug_m7_0\Obj\flash_8529866181315662935.dir: [12]
    ----------------------------------------------------
    Total:

D:\IARproject\Seekfree_CYT4BB_Opensource_Library\project\iar\Debug_m7_0\Obj\flash_864493325053435817.dir: [13]
    ----------------------------------------------------
    Total:

D:\IARproject\Seekfree_CYT4BB_Opensource_Library\project\iar\Debug_m7_0\Obj\gpio_3999404635324069351.dir: [14]
    cy_gpio.o                      404
    ----------------------------------------------------
    Total:                         404

D:\IARproject\Seekfree_CYT4BB_Opensource_Library\project\iar\Debug_m7_0\Obj\ipc_10145506163450686023.dir: [15]
    ----------------------------------------------------
    Total:

D:\IARproject\Seekfree_CYT4BB_Opensource_Library\project\iar\Debug_m7_0\Obj\lin_18429031207028094880.dir: [16]
    ----------------------------------------------------
    Total:

D:\IARproject\Seekfree_CYT4BB_Opensource_Library\project\iar\Debug_m7_0\Obj\lvd_6353935867039560245.dir: [17]
    ----------------------------------------------------
    Total:

D:\IARproject\Seekfree_CYT4BB_Opensource_Library\project\iar\Debug_m7_0\Obj\mcwdt_4052485907822033969.dir: [18]
    ----------------------------------------------------
    Total:

D:\IARproject\Seekfree_CYT4BB_Opensource_Library\project\iar\Debug_m7_0\Obj\mpu_5663187252346826382.dir: [19]
    ----------------------------------------------------
    Total:

D:\IARproject\Seekfree_CYT4BB_Opensource_Library\project\iar\Debug_m7_0\Obj\power_14453085144426420577.dir: [20]
    ----------------------------------------------------
    Total:

D:\IARproject\Seekfree_CYT4BB_Opensource_Library\project\iar\Debug_m7_0\Obj\prot_10722960861768657883.dir: [21]
    ----------------------------------------------------
    Total:

D:\IARproject\Seekfree_CYT4BB_Opensource_Library\project\iar\Debug_m7_0\Obj\rev_b_4986922561640112550.dir: [22]
    system_tviibh4m_cm7.o          336      132       20
    ----------------------------------------------------
    Total:                         336      132       20

D:\IARproject\Seekfree_CYT4BB_Opensource_Library\project\iar\Debug_m7_0\Obj\rev_b_6162237342861132223.dir: [23]
    cy_interrupt_map.o             408      196    1'776
    ----------------------------------------------------
    Total:                         408      196    1'776

D:\IARproject\Seekfree_CYT4BB_Opensource_Library\project\iar\Debug_m7_0\Obj\scb_15490842639181808494.dir: [24]
    cy_scb_spi.o                   496       16
    cy_scb_uart.o                  788       40
    ----------------------------------------------------
    Total:                       1'284       56

D:\IARproject\Seekfree_CYT4BB_Opensource_Library\project\iar\Debug_m7_0\Obj\sd_host_2982766354293506895.dir: [25]
    ----------------------------------------------------
    Total:

D:\IARproject\Seekfree_CYT4BB_Opensource_Library\project\iar\Debug_m7_0\Obj\semihosting_143864889731838620.dir: [26]
    ----------------------------------------------------
    Total:

D:\IARproject\Seekfree_CYT4BB_Opensource_Library\project\iar\Debug_m7_0\Obj\smartio_5451710003740070188.dir: [27]
    ----------------------------------------------------
    Total:

D:\IARproject\Seekfree_CYT4BB_Opensource_Library\project\iar\Debug_m7_0\Obj\smif_427648126384146252.dir: [28]
    ----------------------------------------------------
    Total:

D:\IARproject\Seekfree_CYT4BB_Opensource_Library\project\iar\Debug_m7_0\Obj\smif_mem_6470536964353725183.dir: [29]
    ----------------------------------------------------
    Total:

D:\IARproject\Seekfree_CYT4BB_Opensource_Library\project\iar\Debug_m7_0\Obj\srom_13018798572330080582.dir: [30]
    ----------------------------------------------------
    Total:

D:\IARproject\Seekfree_CYT4BB_Opensource_Library\project\iar\Debug_m7_0\Obj\startup_479057977785470282.dir: [31]
    startup.o                      516       24
    startup_cm7.o                  442               128
    ----------------------------------------------------
    Total:                         958       24      128

D:\IARproject\Seekfree_CYT4BB_Opensource_Library\project\iar\Debug_m7_0\Obj\sw_timer_4215635015939382130.dir: [32]
    ----------------------------------------------------
    Total:

D:\IARproject\Seekfree_CYT4BB_Opensource_Library\project\iar\Debug_m7_0\Obj\sysclk_16149231235676103872.dir: [33]
    cy_sysclk.o                  2'280      216       25
    ----------------------------------------------------
    Total:                       2'280      216       25

D:\IARproject\Seekfree_CYT4BB_Opensource_Library\project\iar\Debug_m7_0\Obj\sysflt_12293435975120599261.dir: [34]
    ----------------------------------------------------
    Total:

D:\IARproject\Seekfree_CYT4BB_Opensource_Library\project\iar\Debug_m7_0\Obj\sysint_7435970359207984181.dir: [35]
    cy_sysint.o                    172        8
    ----------------------------------------------------
    Total:                         172        8

D:\IARproject\Seekfree_CYT4BB_Opensource_Library\project\iar\Debug_m7_0\Obj\syslib_16330585751512546975.dir: [36]
    cy_syslib.o                    182               140
    cy_syslib_iar.o                 30
    ----------------------------------------------------
    Total:                         212               140

D:\IARproject\Seekfree_CYT4BB_Opensource_Library\project\iar\Debug_m7_0\Obj\syspm_10887939769544754770.dir: [37]
    ----------------------------------------------------
    Total:

D:\IARproject\Seekfree_CYT4BB_Opensource_Library\project\iar\Debug_m7_0\Obj\sysreghc_17676636058511625587.dir: [38]
    ----------------------------------------------------
    Total:

D:\IARproject\Seekfree_CYT4BB_Opensource_Library\project\iar\Debug_m7_0\Obj\sysreset_14586141425677365288.dir: [39]
    ----------------------------------------------------
    Total:

D:\IARproject\Seekfree_CYT4BB_Opensource_Library\project\iar\Debug_m7_0\Obj\sysrtc_10747768817563771611.dir: [40]
    ----------------------------------------------------
    Total:

D:\IARproject\Seekfree_CYT4BB_Opensource_Library\project\iar\Debug_m7_0\Obj\systick_16016591671695740695.dir: [41]
    ----------------------------------------------------
    Total:

D:\IARproject\Seekfree_CYT4BB_Opensource_Library\project\iar\Debug_m7_0\Obj\syswdt_9118657615806274156.dir: [42]
    ----------------------------------------------------
    Total:

D:\IARproject\Seekfree_CYT4BB_Opensource_Library\project\iar\Debug_m7_0\Obj\tcpwm_422923530147891246.dir: [43]
    cy_tcpwm.o                      12
    cy_tcpwm_counter.o             440       20
    cy_tcpwm_pwm.o                 522       28
    ----------------------------------------------------
    Total:                         974       48

D:\IARproject\Seekfree_CYT4BB_Opensource_Library\project\iar\Debug_m7_0\Obj\trigmux_9729677290734583340.dir: [44]
    ----------------------------------------------------
    Total:

D:\IARproject\Seekfree_CYT4BB_Opensource_Library\project\iar\Debug_m7_0\Obj\user_8514941877209965082.dir: [45]
    cm7_0_isr.o                    280
    main_cm7_0.o                   124                 1
    ----------------------------------------------------
    Total:                         404                 1

D:\IARproject\Seekfree_CYT4BB_Opensource_Library\project\iar\Debug_m7_0\Obj\zf_common_1201165462030747823.dir: [46]
    zf_common_clock.o               28                 4
    zf_common_debug.o            1'108      120      112
    zf_common_fifo.o             1'096       88
    zf_common_interrupt.o          226                 4
    ----------------------------------------------------
    Total:                       2'458      208      120

D:\IARproject\Seekfree_CYT4BB_Opensource_Library\project\iar\Debug_m7_0\Obj\zf_components_14936052685886095442.dir: [47]
    ----------------------------------------------------
    Total:

D:\IARproject\Seekfree_CYT4BB_Opensource_Library\project\iar\Debug_m7_0\Obj\zf_device_6570275422786408770.dir: [48]
    zf_device_dl1b.o               512                20
    zf_device_gnss.o               276               413
    zf_device_imu660ra.o           600      145       20
    zf_device_pmw3901.o          1'084      156       13
    zf_device_tsl1401.o            124               514
    zf_device_type.o               100        1       14
    zf_device_uart_receiver.o      364                45
    ----------------------------------------------------
    Total:                       3'060      302    1'039

D:\IARproject\Seekfree_CYT4BB_Opensource_Library\project\iar\Debug_m7_0\Obj\zf_driver_11922370083829174090.dir: [49]
    zf_driver_adc.o                116        1       84
    zf_driver_delay.o              728        1        3
    zf_driver_gpio.o               420
    zf_driver_pit.o                920        6       60
    zf_driver_pwm.o              3'608       88
    zf_driver_soft_iic.o         1'536       92
    zf_driver_spi.o              2'716       89       20
    zf_driver_timer.o              680                 4
    zf_driver_uart.o             3'292       94      576
    ----------------------------------------------------
    Total:                      14'016      371      747

dl7M_tln.a: [50]
    abort.o                          6
    exit.o                           4
    printf.o                        40
    putchar.o                       32
    sprintf.o                       64
    strncmp.o                       42
    xfail_s.o                       64                 4
    xprintffull_nomb.o           3'758
    xprout.o                        22
    xsprout.o                       10
    ----------------------------------------------------
    Total:                       4'042                 4

m7M_tlv.a: [51]
    DblCmpGe.o                      52
    DblCmpLe.o                      52
    DblDiv.o                        18
    DblMul.o                        18
    DblSub.o                        18
    DblToS32.o                      14
    DblToU32.o                      14
    S32ToDbl.o                      14
    U32ToDbl.o                      14
    asinf.o                         92
    atan2f.o                       106
    fpinit_M.o                      34
    frexp.o                        112
    ldexp.o                        260
    sqrtf.o                         30
    xatanf.o                       164
    ----------------------------------------------------
    Total:                       1'012

rt7M_tl.a: [52]
    ABImemclr4.o                     6
    ABImemcpy.o                    166
    ABImemset.o                    102
    ABImemset48.o                   50
    I64DivMod.o                    560
    I64DivZer.o                      2
    cexit.o                         10
    cmain.o                         30
    cstartup_M.o                    28
    data_init.o                     40
    lz77_init_single.o             126
    memchr.o                        88
    strchr.o                        22
    strlen.o                        54
    strncpy.o                      112
    zero_init3.o                    56
    ----------------------------------------------------
    Total:                       1'452

shb_l.a: [53]
    exit.o                          20
    ----------------------------------------------------
    Total:                          20

zf_device_config.a: [54]
    zf_device_config.o                    8'328
    ----------------------------------------------------
    Total:                                8'328

    Gaps                            44        8
    Linker created                           32    8'192
--------------------------------------------------------
    Grand Total:                37'396   10'265   12'671


*******************************************************************************
*** ENTRY LIST
***

Entry                       Address    Size  Type      Object
-----                       -------    ----  ----      ------
.iar.init_table$$Base   0x1008'b654           --   Gb  - Linker created -
.iar.init_table$$Limit  0x1008'b674           --   Gb  - Linker created -
?main                   0x1008'b721          Code  Gb  cmain.o [52]
All_pid_init            0x1008'9379    0xe2  Code  Gb  pid.o [5]
BusFault_Handler        0x1008'b945          Code  Wk  startup_cm7.o [31]
CSTACK$$Base            0x2807'e000           --   Gb  - Linker created -
CSTACK$$Limit           0x2808'0000           --   Gb  - Linker created -
CalibrateGyro           0x1008'81d5    0x7c  Code  Gb  zita.o [5]
Control_Init            0x1008'8e85    0x8a  Code  Gb  control.o [5]
Control_Loop            0x1008'8f35   0x268  Code  Gb  control.o [5]
Control_Print           0x1008'91a5    0xfe  Code  Gb  control.o [5]
Control_SbusInit        0x1008'8f0f    0x24  Code  Gb  control.o [5]
CopyVectorTable         0x1008'a709    0x34  Code  Lc  startup.o [31]
CpuUserInt0_Handler     0x1008'a8eb    0x26  Code  Gb  cy_interrupt_map.o [23]
CpuUserInt10_Handler    0x1008'b961          Code  Wk  startup_cm7.o [31]
CpuUserInt11_Handler    0x1008'b965          Code  Wk  startup_cm7.o [31]
CpuUserInt12_Handler    0x1008'b969          Code  Wk  startup_cm7.o [31]
CpuUserInt13_Handler    0x1008'b96d          Code  Wk  startup_cm7.o [31]
CpuUserInt14_Handler    0x1008'b971          Code  Wk  startup_cm7.o [31]
CpuUserInt15_Handler    0x1008'b975          Code  Wk  startup_cm7.o [31]
CpuUserInt1_Handler     0x1008'a911    0x26  Code  Gb  cy_interrupt_map.o [23]
CpuUserInt2_Handler     0x1008'a937    0x26  Code  Gb  cy_interrupt_map.o [23]
CpuUserInt3_Handler     0x1008'a95d    0x26  Code  Gb  cy_interrupt_map.o [23]
CpuUserInt4_Handler     0x1008'a983    0x26  Code  Gb  cy_interrupt_map.o [23]
CpuUserInt5_Handler     0x1008'a9a9    0x26  Code  Gb  cy_interrupt_map.o [23]
CpuUserInt6_Handler     0x1008'a9cf    0x26  Code  Gb  cy_interrupt_map.o [23]
CpuUserInt7_Handler     0x1008'a9f5    0x26  Code  Gb  cy_interrupt_map.o [23]
CpuUserInt8_Handler     0x1008'b959          Code  Wk  startup_cm7.o [31]
CpuUserInt9_Handler     0x1008'b95d          Code  Wk  startup_cm7.o [31]
Cy_DefaultUserHandler   0x1008'a8e9     0x2  Code  Gb  cy_interrupt_map.o [23]
Cy_GPIO_ClearInterrupt  0x1008'4987     0xe  Code  Lc  cy_gpio.o [14]
Cy_GPIO_Clr             0x1008'7f49     0xa  Code  Lc  zf_driver_gpio.o [49]
Cy_GPIO_Inv             0x1008'7f53     0xa  Code  Lc  zf_driver_gpio.o [49]
Cy_GPIO_Pin_Init        0x1008'49cb    0x72  Code  Gb  cy_gpio.o [14]
Cy_GPIO_Read            0x1008'7f35     0xa  Code  Lc  zf_driver_gpio.o [49]
Cy_GPIO_Set             0x1008'7f3f     0xa  Code  Lc  zf_driver_gpio.o [49]
Cy_GPIO_SetDriveSel     0x1008'4969    0x1e  Code  Lc  cy_gpio.o [14]
Cy_GPIO_SetDrivemode    0x1008'4919    0x1c  Code  Lc  cy_gpio.o [14]
Cy_GPIO_SetDrivemode    0x1008'7f5d    0x1c  Code  Lc  zf_driver_gpio.o [49]
Cy_GPIO_SetHSIOM        0x1008'48b5    0x4c  Code  Lc  cy_gpio.o [14]
Cy_GPIO_SetInterruptEdge
                        0x1008'49af    0x1c  Code  Lc  cy_gpio.o [14]
Cy_GPIO_SetInterruptMask
                        0x1008'4995    0x1a  Code  Lc  cy_gpio.o [14]
Cy_GPIO_SetSlewRate     0x1008'494f    0x1a  Code  Lc  cy_gpio.o [14]
Cy_GPIO_SetVtrip        0x1008'4935    0x1a  Code  Lc  cy_gpio.o [14]
Cy_GPIO_Write           0x1008'4901    0x18  Code  Lc  cy_gpio.o [14]
Cy_RestoreIRQ           0x1008'a8c5          Code  Gb  startup_cm7.o [31]
Cy_SCB_ClearRxFifo      0x1008'62af    0x1e  Code  Lc  zf_driver_spi.o [49]
Cy_SCB_ClearRxFifo      0x1008'4e33    0x1e  Code  Lc  zf_driver_uart.o [49]
Cy_SCB_ClearRxInterrupt
                        0x1008'4e99     0xa  Code  Lc  zf_driver_uart.o [49]
Cy_SCB_ClearTxInterrupt
                        0x1008'4eaf     0xa  Code  Lc  zf_driver_uart.o [49]
Cy_SCB_GetFifoSize      0x1008'6309    0x12  Code  Lc  zf_driver_spi.o [49]
Cy_SCB_GetNumInRxFifo   0x1008'62a5     0xa  Code  Lc  zf_driver_spi.o [49]
Cy_SCB_GetNumInRxFifo   0x1008'4e29     0xa  Code  Lc  zf_driver_uart.o [49]
Cy_SCB_GetNumInTxFifo   0x1008'62d3     0xa  Code  Lc  zf_driver_spi.o [49]
Cy_SCB_GetNumInTxFifo   0x1008'4e57     0xa  Code  Lc  zf_driver_uart.o [49]
Cy_SCB_GetRxInterruptMask
                        0x1008'4e93     0x6  Code  Lc  zf_driver_uart.o [49]
Cy_SCB_GetTxInterruptMask
                        0x1008'4ea9     0x6  Code  Lc  zf_driver_uart.o [49]
Cy_SCB_GetTxSrValid     0x1008'62dd     0xa  Code  Lc  zf_driver_spi.o [49]
Cy_SCB_GetTxSrValid     0x1008'4e61     0xa  Code  Lc  zf_driver_uart.o [49]
Cy_SCB_IsTxComplete     0x1008'62e7    0x22  Code  Lc  zf_driver_spi.o [49]
Cy_SCB_IsTxComplete     0x1008'4e6b    0x22  Code  Lc  zf_driver_uart.o [49]
Cy_SCB_ReadRxFifo       0x1008'4e23     0x6  Code  Lc  zf_driver_uart.o [49]
Cy_SCB_SPI_ClearRxFifo  0x1008'6339     0x8  Code  Lc  zf_driver_spi.o [49]
Cy_SCB_SPI_Enable       0x1008'631b     0xa  Code  Lc  zf_driver_spi.o [49]
Cy_SCB_SPI_GetNumInRxFifo
                        0x1008'6331     0x8  Code  Lc  zf_driver_spi.o [49]
Cy_SCB_SPI_Init         0x1008'6d41   0x1d8  Code  Gb  cy_scb_spi.o [24]
Cy_SCB_SPI_SetActiveSlaveSelect
                        0x1008'6325     0xc  Code  Lc  zf_driver_spi.o [49]
Cy_SCB_SetRxInterruptMask
                        0x1008'4e8d     0x6  Code  Lc  zf_driver_uart.o [49]
Cy_SCB_SetTxInterruptMask
                        0x1008'4ea3     0x6  Code  Lc  zf_driver_uart.o [49]
Cy_SCB_UART_DeInit      0x1008'6135    0x5c  Code  Gb  cy_scb_uart.o [24]
Cy_SCB_UART_Enable      0x1008'4eb9     0xa  Code  Lc  zf_driver_uart.o [49]
Cy_SCB_UART_Init        0x1008'5eb1   0x284  Code  Gb  cy_scb_uart.o [24]
Cy_SCB_WriteTxFifo      0x1008'62cd     0x6  Code  Lc  zf_driver_spi.o [49]
Cy_SCB_WriteTxFifo      0x1008'4e51     0x6  Code  Lc  zf_driver_uart.o [49]
Cy_SaveIRQ              0x1008'a8bd          Code  Gb  startup_cm7.o [31]
Cy_SysClk_CheckDividerExisting
                        0x1008'8869    0x2a  Code  Lc  zf_driver_delay.o [49]
Cy_SysClk_CheckDividerExisting
                        0x1008'9f29    0x2c  Code  Lc  zf_driver_pit.o [49]
Cy_SysClk_CheckDividerExisting
                        0x1008'35e1    0x2c  Code  Lc  zf_driver_pwm.o [49]
Cy_SysClk_CheckDividerExisting
                        0x1008'6341    0x2c  Code  Lc  zf_driver_spi.o [49]
Cy_SysClk_CheckDividerExisting
                        0x1008'a2c1    0x2a  Code  Lc  zf_driver_timer.o [49]
Cy_SysClk_CheckDividerExisting
                        0x1008'4c7f    0x2c  Code  Lc  zf_driver_uart.o [49]
Cy_SysClk_ClkPathGetSource
                        0x1008'70a5    0x54  Code  Gb  cy_sysclk.o [33]
Cy_SysClk_EcoGetStatus  0x1008'6f31    0x1a  Code  Lc  cy_sysclk.o [33]
Cy_SysClk_Fast0ClkGetDivider
                        0x1008'7079    0x16  Code  Lc  cy_sysclk.o [33]
Cy_SysClk_Fast1ClkGetDivider
                        0x1008'708f    0x16  Code  Lc  cy_sysclk.o [33]
Cy_SysClk_FllGetConfiguration
                        0x1008'7101    0x7e  Code  Gb  cy_sysclk.o [33]
Cy_SysClk_FllGetLockStatus
                        0x1008'6f4b     0xc  Code  Lc  cy_sysclk.o [33]
Cy_SysClk_GetClockGroup
                        0x1008'8911     0x8  Code  Lc  zf_driver_delay.o [49]
Cy_SysClk_GetClockGroup
                        0x1008'9fd7     0x8  Code  Lc  zf_driver_pit.o [49]
Cy_SysClk_GetClockGroup
                        0x1008'368f     0x8  Code  Lc  zf_driver_pwm.o [49]
Cy_SysClk_GetClockGroup
                        0x1008'6425     0x8  Code  Lc  zf_driver_spi.o [49]
Cy_SysClk_GetClockGroup
                        0x1008'a369     0x8  Code  Lc  zf_driver_timer.o [49]
Cy_SysClk_GetClockGroup
                        0x1008'4d63     0x8  Code  Lc  zf_driver_uart.o [49]
Cy_SysClk_GetCoreFrequency
                        0x1008'77c5    0x2a  Code  Gb  cy_sysclk.o [33]
Cy_SysClk_GetEcoFrequency
                        0x1008'72cd    0x32  Code  Gb  cy_sysclk.o [33]
Cy_SysClk_GetExtFrequency
                        0x1008'7301    0x1e  Code  Gb  cy_sysclk.o [33]
Cy_SysClk_GetFast0Frequency
                        0x1008'7719    0x56  Code  Gb  cy_sysclk.o [33]
Cy_SysClk_GetFast1Frequency
                        0x1008'776f    0x56  Code  Gb  cy_sysclk.o [33]
Cy_SysClk_GetFllInputFrequency
                        0x1008'7421     0xc  Code  Gb  cy_sysclk.o [33]
Cy_SysClk_GetFllOutputFrequency
                        0x1008'7449    0x78  Code  Gb  cy_sysclk.o [33]
Cy_SysClk_GetHfClkFrequency
                        0x1008'769b    0x7a  Code  Gb  cy_sysclk.o [33]
Cy_SysClk_GetIlo0Frequency
                        0x1008'731f    0x32  Code  Gb  cy_sysclk.o [33]
Cy_SysClk_GetIlo1Frequency
                        0x1008'7351    0x32  Code  Gb  cy_sysclk.o [33]
Cy_SysClk_GetImoFrequency
                        0x1008'729b    0x32  Code  Gb  cy_sysclk.o [33]
Cy_SysClk_GetPathFrequency
                        0x1008'7669    0x32  Code  Gb  cy_sysclk.o [33]
Cy_SysClk_GetPathSourceFrequency
                        0x1008'73bd    0x64  Code  Gb  cy_sysclk.o [33]
Cy_SysClk_GetPll400MNo  0x1008'6f95    0x14  Code  Lc  cy_sysclk.o [33]
Cy_SysClk_GetPllInputFrequency
                        0x1008'742d    0x1c  Code  Gb  cy_sysclk.o [33]
Cy_SysClk_GetPllNo      0x1008'6f59    0x12  Code  Lc  cy_sysclk.o [33]
Cy_SysClk_GetPllOutputFrequency
                        0x1008'74c5   0x1a0  Code  Gb  cy_sysclk.o [33]
Cy_SysClk_GetWcoFrequency
                        0x1008'7383    0x32  Code  Gb  cy_sysclk.o [33]
Cy_SysClk_HfClockGetDivider
                        0x1008'7037    0x42  Code  Lc  cy_sysclk.o [33]
Cy_SysClk_HfClockGetSource
                        0x1008'6fe3    0x54  Code  Lc  cy_sysclk.o [33]
Cy_SysClk_InitGetFreqParams
                        0x1008'7281    0x1a  Code  Gb  cy_sysclk.o [33]
Cy_SysClk_PeriphAssignDivider
                        0x1008'8919    0x68  Code  Lc  zf_driver_delay.o [49]
Cy_SysClk_PeriphAssignDivider
                        0x1008'9fdf    0x68  Code  Lc  zf_driver_pit.o [49]
Cy_SysClk_PeriphAssignDivider
                        0x1008'3697    0x6a  Code  Lc  zf_driver_pwm.o [49]
Cy_SysClk_PeriphAssignDivider
                        0x1008'642d    0x6a  Code  Lc  zf_driver_spi.o [49]
Cy_SysClk_PeriphAssignDivider
                        0x1008'a371    0x68  Code  Lc  zf_driver_timer.o [49]
Cy_SysClk_PeriphAssignDivider
                        0x1008'4d6b    0x6a  Code  Lc  zf_driver_uart.o [49]
Cy_SysClk_PeriphEnableDivider
                        0x1008'8981    0x4c  Code  Lc  zf_driver_delay.o [49]
Cy_SysClk_PeriphEnableDivider
                        0x1008'a047    0x4c  Code  Lc  zf_driver_pit.o [49]
Cy_SysClk_PeriphEnableDivider
                        0x1008'3701    0x4e  Code  Lc  zf_driver_pwm.o [49]
Cy_SysClk_PeriphEnableDivider
                        0x1008'6497    0x4e  Code  Lc  zf_driver_spi.o [49]
Cy_SysClk_PeriphEnableDivider
                        0x1008'a3d9    0x4c  Code  Lc  zf_driver_timer.o [49]
Cy_SysClk_PeriphEnableDivider
                        0x1008'4dd5    0x4e  Code  Lc  zf_driver_uart.o [49]
Cy_SysClk_PeriphSetDivider
                        0x1008'8893    0x7e  Code  Lc  zf_driver_delay.o [49]
Cy_SysClk_PeriphSetDivider
                        0x1008'9f55    0x82  Code  Lc  zf_driver_pit.o [49]
Cy_SysClk_PeriphSetDivider
                        0x1008'360d    0x82  Code  Lc  zf_driver_pwm.o [49]
Cy_SysClk_PeriphSetDivider
                        0x1008'a2eb    0x7e  Code  Lc  zf_driver_timer.o [49]
Cy_SysClk_PeriphSetFracDivider
                        0x1008'636d    0xb8  Code  Lc  zf_driver_spi.o [49]
Cy_SysClk_PeriphSetFracDivider
                        0x1008'4cab    0xb8  Code  Lc  zf_driver_uart.o [49]
Cy_SysClk_Pll400MGetConfiguration
                        0x1008'71ed    0x84  Code  Gb  cy_sysclk.o [33]
Cy_SysClk_Pll400MGetLockStatus
                        0x1008'6fa9    0x2a  Code  Lc  cy_sysclk.o [33]
Cy_SysClk_PllGetConfiguration
                        0x1008'7199    0x48  Code  Gb  cy_sysclk.o [33]
Cy_SysClk_PllGetLockStatus
                        0x1008'6f6b    0x28  Code  Lc  cy_sysclk.o [33]
Cy_SysClk_WcoOkay       0x1008'6fd5     0xe  Code  Lc  cy_sysclk.o [33]
Cy_SysInt_InitIRQ       0x1008'61c5    0x7e  Code  Gb  cy_sysint.o [35]
Cy_SysInt_SetSystemIrqVector
                        0x1008'6243    0x12  Code  Gb  cy_sysint.o [35]
Cy_SysInt_SystemIrqUserTableRamPointer
                        0x2802'06f4     0x4  Data  Gb  cy_interrupt_map.o [23]
Cy_SysLib_DelayCycles   0x1008'b701          Code  Gb  cy_syslib_iar.o [36]
Cy_SysLib_EnterCriticalSection
                        0x1008'b711          Code  Gb  cy_syslib_iar.o [36]
Cy_SysLib_ExitCriticalSection
                        0x1008'b719          Code  Gb  cy_syslib_iar.o [36]
Cy_SysLib_FaultHandler  0x1008'788d    0x90  Code  Gb  cy_syslib.o [36]
Cy_SysLib_Halt          0x1008'7889     0x4  Code  Gb  cy_syslib.o [36]
Cy_SysLib_ProcessingFault
                        0x1008'7931     0x2  Code  Wk  cy_syslib.o [36]
Cy_SysLib_SvcHandler    0x1008'b899     0xc  Code  Wk  cy_syslib.o [36]
Cy_SystemInitFpuEnable  0x1008'a85d    0x1e  Code  Gb  system_tviibh4m_cm7.o [22]
Cy_SystemIrqUserTable   0x2802'0008   0x6ec  Data  Gb  cy_interrupt_map.o [23]
Cy_Tcpwm_Counter_ClearTC_Intr
                        0x1008'8dd1    0x10  Code  Gb  cy_tcpwm_counter.o [43]
Cy_Tcpwm_Counter_Disable
                        0x1008'8db3     0xa  Code  Gb  cy_tcpwm_counter.o [43]
Cy_Tcpwm_Counter_Enable
                        0x1008'8da9     0xa  Code  Gb  cy_tcpwm_counter.o [43]
Cy_Tcpwm_Counter_GetCounter
                        0x1008'8dc1     0x4  Code  Gb  cy_tcpwm_counter.o [43]
Cy_Tcpwm_Counter_Init   0x1008'8c29   0x16c  Code  Gb  cy_tcpwm_counter.o [43]
Cy_Tcpwm_Counter_SetCounter
                        0x1008'8dbd     0x4  Code  Gb  cy_tcpwm_counter.o [43]
Cy_Tcpwm_Counter_SetTC_IntrMask
                        0x1008'8dc5     0xc  Code  Gb  cy_tcpwm_counter.o [43]
Cy_Tcpwm_Pwm_Enable     0x1008'4c49     0xa  Code  Gb  cy_tcpwm_pwm.o [43]
Cy_Tcpwm_Pwm_Init       0x1008'4a49   0x1e4  Code  Gb  cy_tcpwm_pwm.o [43]
Cy_Tcpwm_TriggerStart   0x1008'4c53     0xc  Code  Gb  cy_tcpwm.o [43]
Cy_u32StartupStackEndAddress
                        0x1008'b074          Data  Gb  startup_cm7.o [31]
Cy_u32StartupStackStartAddress
                        0x1008'b070          Data  Gb  startup_cm7.o [31]
DebugMon_Handler        0x1008'b94d          Code  Wk  startup_cm7.o [31]
HEAP_STACK$$Base        0x2807'e000           --   Gb  - Linker created -
HEAP_STACK$$Limit       0x2808'0000           --   Gb  - Linker created -
HardFault_Handler       0x1008'b6b5          Code  Wk  startup_cm7.o [31]
InitRamEcc              0x1008'a5f7   0x100  Code  Lc  startup.o [31]
InitRamEccClearArea     0x1008'a6f7    0x12  Code  Lc  startup.o [31]
MemManage_Handler       0x1008'b941          Code  Wk  startup_cm7.o [31]
MotorMixer              0x1008'969f    0xbe  Code  Gb  motor.o [5]
Motor_Init              0x1008'9609    0x2c  Code  Gb  motor.o [5]
Motor_Set               0x1008'9635    0x6a  Code  Gb  motor.o [5]
NMI_Handler             0x1008'b93d          Code  Wk  startup_cm7.o [31]
PID_Increase            0x1008'954f    0x8e  Code  Gb  pid.o [5]
PID_Init                0x1008'9355    0x22  Code  Gb  pid.o [5]
PID_Realize             0x1008'94a1    0xae  Code  Gb  pid.o [5]
PendSV_Handler          0x1008'b951          Code  Wk  startup_cm7.o [31]
Region$$Table$$Base     0x1008'b654           --   Gb  - Linker created -
Region$$Table$$Limit    0x1008'b674           --   Gb  - Linker created -
Reset_Handler           0x1008'afc9          Code  Wk  startup_cm7.o [31]
SVC_Handler             0x1008'b78d          Code  Wk  startup_cm7.o [31]
Startup_Init            0x1008'a569    0x8e  Code  Gb  startup.o [31]
SysTick_Handler         0x1008'b955          Code  Wk  startup_cm7.o [31]
SystemCoreClock         0x2802'1090     0x4  Data  Gb  system_tviibh4m_cm7.o [22]
SystemCoreClockUpdate   0x1008'a7c9    0x94  Code  Gb  system_tviibh4m_cm7.o [22]
SystemInit              0x1008'a76d    0x5c  Code  Gb  system_tviibh4m_cm7.o [22]
UsageFault_Handler      0x1008'b949          Code  Wk  startup_cm7.o [31]
_LC                     0x1008'2081     0x6  Code  Lc  xprintffull_nomb.o [50]
_LitobFullNoMb          0x1008'2d4d   0x114  Code  Lc  xprintffull_nomb.o [50]
_PrintfFullNoMb         0x1008'2087   0xc98  Code  Gb  xprintffull_nomb.o [50]
_Prout                  0x1008'b83d    0x16  Code  Gb  xprout.o [50]
_PutcharsFullNoMb       0x1008'2eb9    0x2e  Code  Lc  xprintffull_nomb.o [50]
_SProut                 0x1008'2fc3     0xa  Code  Gb  xsprout.o [50]
__NVIC_ClearPendingIRQ  0x1008'a8cd    0x1c  Code  Lc  cy_interrupt_map.o [23]
__NVIC_ClearPendingIRQ  0x1008'5de1    0x1c  Code  Lc  zf_common_interrupt.o [46]
__NVIC_EnableIRQ        0x1008'5dc5    0x1c  Code  Lc  zf_common_interrupt.o [46]
__NVIC_EnableIRQ        0x1008'4c61    0x1e  Code  Lc  zf_driver_uart.o [49]
__NVIC_SetPriority      0x1008'5dfd    0x24  Code  Lc  zf_common_interrupt.o [46]
__Vectors               0x1008'0000           --   Gb  startup_cm7.o [31]
__Vectors_End           0x1008'0080          Data  Gb  startup_cm7.o [31]
__Vectors_Size {Abs}           0x80           --   Gb  startup_cm7.o [31]
__aeabi_cdcmple         0x1008'31b5          Code  Gb  DblCmpLe.o [51]
__aeabi_cdrcmple        0x1008'31e9          Code  Gb  DblCmpGe.o [51]
__aeabi_d2iz            0x1008'3321     0xe  Code  Gb  DblToS32.o [51]
__aeabi_d2uiz           0x1008'3361     0xe  Code  Gb  DblToU32.o [51]
__aeabi_ddiv            0x1008'334f    0x12  Code  Gb  DblDiv.o [51]
__aeabi_dmul            0x1008'337d    0x12  Code  Gb  DblMul.o [51]
__aeabi_dsub            0x1008'333d    0x12  Code  Gb  DblSub.o [51]
__aeabi_i2d             0x1008'332f     0xe  Code  Gb  S32ToDbl.o [51]
__aeabi_ldiv0           0x1008'35c9          Code  Gb  I64DivZer.o [52]
__aeabi_memclr4         0x1008'5ea9          Code  Gb  ABImemclr4.o [52]
__aeabi_memcpy          0x1008'309d          Code  Gb  ABImemcpy.o [52]
__aeabi_memcpy4         0x1008'30bd          Code  Gb  ABImemcpy.o [52]
__aeabi_memcpy8         0x1008'30bd          Code  Gb  ABImemcpy.o [52]
__aeabi_memset          0x1008'484d          Code  Gb  ABImemset.o [52]
__aeabi_ui2d            0x1008'336f     0xe  Code  Gb  U32ToDbl.o [51]
__aeabi_uldivmod        0x1008'3391          Code  Gb  I64DivMod.o [52]
__cmain                 0x1008'b721          Code  Gb  cmain.o [52]
__ecc_init_dtcm_end_address {Abs}
                        0x2000'3fff          Data  Gb  <internal module>
__ecc_init_dtcm_start_address {Abs}
                        0x2000'0000          Data  Gb  <internal module>
__ecc_init_itcm_end_address {Abs}
                             0x3fff          Data  Gb  <internal module>
__ecc_init_itcm_start_address {Abs}
                                0x0          Data  Gb  <internal module>
__ecc_init_sram_end_address {Abs}
                        0x2807'ffff          Data  Gb  <internal module>
__ecc_init_sram_start_address {Abs}
                        0x2802'0000          Data  Gb  <internal module>
__exit                  0x1008'35cd    0x14  Code  Gb  exit.o [53]
__iar_Fail_s            0x1008'2fcd    0x1c  Code  Gb  xfail_s.o [50]
__iar_Memchr            0x1008'3045          Code  Gb  memchr.o [52]
__iar_Memset            0x1008'484d          Code  Gb  ABImemset.o [52]
__iar_Memset4_word      0x1008'6271          Code  Gb  ABImemset48.o [52]
__iar_Memset8_word      0x1008'6271          Code  Gb  ABImemset48.o [52]
__iar_Memset_word       0x1008'4855          Code  Gb  ABImemset.o [52]
__iar_Strchr            0x1008'2fad          Code  Gb  strchr.o [52]
__iar_asin32            0x1008'8b61          Code  Gb  asinf.o [51]
__iar_atan2_32          0x1008'8bbd          Code  Gb  atan2f.o [51]
__iar_data_init3        0x1008'b609    0x28  Code  Gb  data_init.o [52]
__iar_frexp             0x1008'3151          Code  Gb  frexp.o [51]
__iar_frexpl            0x1008'3151          Code  Gb  frexp.o [51]
__iar_init_vfp          0x1008'b631          Code  Gb  fpinit_M.o [51]
__iar_ldexp64           0x1008'3231          Code  Gb  ldexp.o [51]
__iar_lz77_init_single3
                        0x1008'2f2f    0x7e  Code  Gb  lz77_init_single.o [52]
__iar_program_start     0x1008'b7a9          Code  Gb  cstartup_M.o [52]
__iar_scalbln64         0x1008'3231          Code  Gb  ldexp.o [51]
__iar_scalbn64          0x1008'3231          Code  Gb  ldexp.o [51]
__iar_softfp___iar_frexp64
                        0x1008'3145          Code  Gb  frexp.o [51]
__iar_softfp___iar_ldexp64
                        0x1008'321d          Code  Gb  ldexp.o [51]
__iar_softfp___iar_scalbln64
                        0x1008'321d          Code  Gb  ldexp.o [51]
__iar_softfp___iar_scalbn64
                        0x1008'321d          Code  Gb  ldexp.o [51]
__iar_softfp_frexp      0x1008'3145          Code  Gb  frexp.o [51]
__iar_softfp_frexpl     0x1008'3145          Code  Gb  frexp.o [51]
__iar_softfp_ldexp      0x1008'321d          Code  Gb  ldexp.o [51]
__iar_softfp_ldexpl     0x1008'321d          Code  Gb  ldexp.o [51]
__iar_softfp_scalbln    0x1008'321d          Code  Gb  ldexp.o [51]
__iar_softfp_scalblnl   0x1008'321d          Code  Gb  ldexp.o [51]
__iar_softfp_scalbn     0x1008'321d          Code  Gb  ldexp.o [51]
__iar_softfp_scalbnl    0x1008'321d          Code  Gb  ldexp.o [51]
__iar_sqrt32            0x1008'8b41          Code  Gb  sqrtf.o [51]
__iar_xatanf            0x1008'8de1          Code  Gb  xatanf.o [51]
__iar_zero_init3        0x1008'b549    0x38  Code  Gb  zero_init3.o [52]
__low_level_init        0x1008'b741          Code  Gb  startup_cm7.o [31]
__ramVectors            0x2802'1180          Data  Gb  startup_cm7.o [31]
__vector_table          0x1008'0000          Data  Gb  startup_cm7.o [31]
__vector_table_0x1c     0x1008'001c          Data  Gb  startup_cm7.o [31]
__write                 0x1008'4717    0x12  Code  Gb  zf_common_debug.o [46]
_call_main              0x1008'b72d          Code  Gb  cmain.o [52]
_exit                   0x1008'b749          Code  Gb  cexit.o [52]
abort                   0x1008'35c1     0x6  Code  Gb  abort.o [50]
acc_filt                0x2802'1000     0xc  Data  Gb  zita.o [5]
adc_convert             0x1008'ae79    0x6c  Code  Gb  zf_driver_adc.o [49]
adc_resolution          0x2802'0d90    0x48  Data  Lc  zf_driver_adc.o [49]
apply_lpf               0x1008'825d    0x38  Code  Gb  zita.o [5]
armed                   0x2802'10ec     0x1  Data  Lc  control.o [5]
asinf                   0x1008'8b61          Code  Gb  asinf.o [51]
assert_interrupt_config
                        0x1008'5e59     0xc  Code  Gb  zf_common_interrupt.o [46]
atan2f                  0x1008'8bbd          Code  Gb  atan2f.o [51]
attitude                0x2802'1024     0xc  Data  Gb  zita.o [5]
clamp_pwm_duty          0x1008'95dd    0x2c  Code  Lc  motor.o [5]
clock_init              0x1008'b17d    0x16  Code  Gb  zf_common_clock.o [46]
cs_pin_save             0x2802'10b4     0x4  Data  Gb  zf_driver_spi.o [49]
cy_assertFileName       0x2802'0f6c    0x18  Data  Gb  cy_syslib.o [36]
cy_assertLine           0x2802'107c     0x4  Data  Gb  cy_syslib.o [36]
cy_delay32kMs           0x2802'10a0     0x4  Data  Gb  system_tviibh4m_cm7.o [22]
cy_delayFreqHz          0x2802'1094     0x4  Data  Gb  system_tviibh4m_cm7.o [22]
[...]
imu660ra_gyro_x         0x2802'10da     0x2  Data  Gb  zf_device_imu660ra.o [48]
imu660ra_gyro_y         0x2802'10dc     0x2  Data  Gb  zf_device_imu660ra.o [48]
imu660ra_gyro_z         0x2802'10de     0x2  Data  Gb  zf_device_imu660ra.o [48]
imu660ra_init           0x1008'875b    0xd0  Code  Gb  zf_device_imu660ra.o [48]
imu660ra_read_register  0x1008'864d    0x26  Code  Lc  zf_device_imu660ra.o [48]
imu660ra_read_registers
                        0x1008'8673    0x3a  Code  Lc  zf_device_imu660ra.o [48]
imu660ra_self_check     0x1008'86ad    0x32  Code  Lc  zf_device_imu660ra.o [48]
imu660ra_transition_factor
                        0x2802'06f8     0x8  Data  Gb  zf_device_imu660ra.o [48]
imu660ra_write_register
                        0x1008'8611    0x1e  Code  Lc  zf_device_imu660ra.o [48]
imu660ra_write_registers
                        0x1008'862f    0x1e  Code  Lc  zf_device_imu660ra.o [48]
intFreqInitialized      0x2802'10ed     0x1  Data  Gb  cy_sysclk.o [33]
internalBaseFreqInfo    0x2802'0f54    0x18  Data  Gb  cy_sysclk.o [33]
interrupt_global_disable
                        0x1008'5e31    0x14  Code  Gb  zf_common_interrupt.o [46]
interrupt_global_enable
                        0x1008'5e21    0x10  Code  Gb  zf_common_interrupt.o [46]
interrupt_global_flag   0x2802'10a8     0x4  Data  Lc  zf_common_interrupt.o [46]
interrupt_init          0x1008'5e71    0x36  Code  Gb  zf_common_interrupt.o [46]
interrupt_set_priority  0x1008'5e65     0xc  Code  Gb  zf_common_interrupt.o [46]
last_attitude           0x2802'0fe8     0xc  Data  Lc  control.o [5]
last_height_out         0x2802'1064     0x4  Data  Lc  control.o [5]
last_pos_pitch          0x2802'1074     0x4  Data  Lc  control.o [5]
last_pos_roll           0x2802'1070     0x4  Data  Lc  control.o [5]
last_pos_x_out          0x2802'1068     0x4  Data  Lc  control.o [5]
last_pos_y_out          0x2802'106c     0x4  Data  Lc  control.o [5]
last_pos_yaw            0x2802'1078     0x4  Data  Lc  control.o [5]
last_torque             0x2802'0ff4     0xc  Data  Lc  control.o [5]
ldexp                   0x1008'3231          Code  Gb  ldexp.o [51]
ldexpl                  0x1008'3231          Code  Gb  ldexp.o [51]
mahony_update           0x1008'8295   0x322  Code  Gb  zita.o [5]
main                    0x1008'b101    0x7c  Code  Gb  main_cm7_0.o [45]
memchr                  0x1008'3045          Code  Gb  memchr.o [52]
motor_out_m1            0x2802'1080     0x4  Data  Gb  motor.o [5]
motor_out_m2            0x2802'1084     0x4  Data  Gb  motor.o [5]
motor_out_m3            0x2802'1088     0x4  Data  Gb  motor.o [5]
motor_out_m4            0x2802'108c     0x4  Data  Gb  motor.o [5]
pid_angle_pitch         0x2802'0e38    0x20  Data  Gb  pid.o [5]
pid_angle_roll          0x2802'0e18    0x20  Data  Gb  pid.o [5]
pid_angle_yaw           0x2802'0e58    0x20  Data  Gb  pid.o [5]
pid_height              0x2802'0ed8    0x20  Data  Gb  pid.o [5]
pid_pos_x               0x2802'0ef8    0x20  Data  Gb  pid.o [5]
pid_pos_y               0x2802'0f18    0x20  Data  Gb  pid.o [5]
pid_rate_pitch          0x2802'0e98    0x20  Data  Gb  pid.o [5]
pid_rate_roll           0x2802'0e78    0x20  Data  Gb  pid.o [5]
pid_rate_yaw            0x2802'0eb8    0x20  Data  Gb  pid.o [5]
pit0_ch0_isr            0x1008'abd1    0x10  Code  Gb  cm7_0_isr.o [45]
pit0_ch10_isr           0x1008'abf5     0xa  Code  Gb  cm7_0_isr.o [45]
pit0_ch11_isr           0x1008'abff     0xa  Code  Gb  cm7_0_isr.o [45]
pit0_ch12_isr           0x1008'ac09     0xa  Code  Gb  cm7_0_isr.o [45]
pit0_ch13_isr           0x1008'ac13     0xa  Code  Gb  cm7_0_isr.o [45]
pit0_ch14_isr           0x1008'ac1d     0xa  Code  Gb  cm7_0_isr.o [45]
pit0_ch15_isr           0x1008'ac27     0xa  Code  Gb  cm7_0_isr.o [45]
pit0_ch16_isr           0x1008'ac31     0xa  Code  Gb  cm7_0_isr.o [45]
pit0_ch17_isr           0x1008'ac3b     0xa  Code  Gb  cm7_0_isr.o [45]
pit0_ch18_isr           0x1008'ac45     0xa  Code  Gb  cm7_0_isr.o [45]
pit0_ch19_isr           0x1008'ac4f     0xa  Code  Gb  cm7_0_isr.o [45]
pit0_ch1_isr            0x1008'abe1     0xa  Code  Gb  cm7_0_isr.o [45]
pit0_ch20_isr           0x1008'ac59     0xa  Code  Gb  cm7_0_isr.o [45]
pit0_ch21_isr           0x1008'ac63     0xe  Code  Gb  cm7_0_isr.o [45]
pit0_ch2_isr            0x1008'abeb     0xa  Code  Gb  cm7_0_isr.o [45]
pit_init                0x1008'a0bd   0x1ee  Code  Gb  zf_driver_pit.o [49]
pit_isr_flag_clear      0x1008'a093    0x2a  Code  Gb  zf_driver_pit.o [49]
pit_isr_func            0x2802'0718    0x3c  Data  Gb  zf_driver_pit.o [49]
pit_state               0x2802'10ee     0x1  Data  Gb  main_cm7_0.o [45]
pmw3901_delta_x         0x2802'10e6     0x2  Data  Gb  zf_device_pmw3901.o [48]
pmw3901_delta_x_i       0x2802'10ac     0x4  Data  Gb  zf_device_pmw3901.o [48]
pmw3901_delta_y         0x2802'10e8     0x2  Data  Gb  zf_device_pmw3901.o [48]
pmw3901_delta_y_i       0x2802'10b0     0x4  Data  Gb  zf_device_pmw3901.o [48]
pmw3901_get_motion      0x1008'9b19    0x58  Code  Gb  zf_device_pmw3901.o [48]
pmw3901_init            0x1008'9b71   0x328  Code  Gb  zf_device_pmw3901.o [48]
pmw3901_init_state      0x2802'10fb     0x1  Data  Lc  zf_device_pmw3901.o [48]
pmw3901_read_register   0x1008'9abf    0x38  Code  Lc  zf_device_pmw3901.o [48]
pmw3901_self_check      0x1008'9af7    0x22  Code  Lc  zf_device_pmw3901.o [48]
pmw3901_write_register  0x1008'9a89    0x36  Code  Lc  zf_device_pmw3901.o [48]
pos_locked              0x2802'10eb     0x1  Data  Lc  control.o [5]
printf                  0x1008'9861    0x28  Code  Gb  printf.o [50]
putchar                 0x1008'b6d5    0x20  Code  Gb  putchar.o [50]
pwm_all_channel_close   0x1008'4191    0x1a  Code  Gb  zf_driver_pwm.o [49]
pwm_init                0x1008'4205   0x1e4  Code  Gb  zf_driver_pwm.o [49]
pwm_set_duty            0x1008'41ab    0x5a  Code  Gb  zf_driver_pwm.o [49]
q0                      0x2802'079c     0x4  Data  Gb  zita.o [5]
q1                      0x2802'10bc     0x4  Data  Gb  zita.o [5]
q2                      0x2802'10c0     0x4  Data  Gb  zita.o [5]
q3                      0x2802'10c4     0x4  Data  Gb  zita.o [5]
sar_adc                 0x2802'070c     0xc  Data  Lc  zf_driver_adc.o [49]
sbus_des_pitch          0x2802'1054     0x4  Data  Lc  control.o [5]
sbus_des_roll           0x2802'1050     0x4  Data  Lc  control.o [5]
sbus_des_yaw            0x2802'1058     0x4  Data  Lc  control.o [5]
sbus_throttle           0x2802'0000     0x4  Data  Lc  control.o [5]
scalbln                 0x1008'3231          Code  Gb  ldexp.o [51]
scalblnl                0x1008'3231          Code  Gb  ldexp.o [51]
scalbn                  0x1008'3231          Code  Gb  ldexp.o [51]
scalbnl                 0x1008'3231          Code  Gb  ldexp.o [51]
scale                   0x1008'2e61    0x46  Code  Lc  xprintffull_nomb.o [50]
scb_module              0x2802'0780    0x1c  Data  Gb  zf_driver_uart.o [49]
sec_hand                0x2802'10d4     0x4  Data  Lc  xfail_s.o [50]
sensor_pack_flow_ready  0x1008'9831     0x6  Code  Gb  sensor_pack.o [5]
sensor_pack_flow_x      0x1008'9807    0x12  Code  Gb  sensor_pack.o [5]
sensor_pack_flow_y      0x1008'9819    0x12  Code  Gb  sensor_pack.o [5]
sensor_pack_init        0x1008'9779    0x52  Code  Gb  sensor_pack.o [5]
sensor_pack_tof_mm      0x1008'97f3    0x14  Code  Gb  sensor_pack.o [5]
sensor_pack_tof_ready   0x1008'982b     0x6  Code  Gb  sensor_pack.o [5]
sensor_pack_update      0x1008'97cb    0x28  Code  Gb  sensor_pack.o [5]
set_tof_type            0x1008'9ef9    0x18  Code  Gb  zf_device_type.o [48]
set_wireless_type       0x1008'9ec7    0x32  Code  Gb  zf_device_type.o [48]
soft_iic_init           0x1008'7eb9    0x78  Code  Gb  zf_driver_soft_iic.o [49]
soft_iic_read_data      0x1008'7cdf   0x10e  Code  Lc  zf_driver_soft_iic.o [49]
soft_iic_send_ack       0x1008'7a71    0xc6  Code  Lc  zf_driver_soft_iic.o [49]
soft_iic_send_data      0x1008'7c07    0xd8  Code  Lc  zf_driver_soft_iic.o [49]
soft_iic_start          0x1008'7935    0x9e  Code  Lc  zf_driver_soft_iic.o [49]
soft_iic_stop           0x1008'79d3    0x9e  Code  Lc  zf_driver_soft_iic.o [49]
soft_iic_transfer_8bit_array
                        0x1008'7ded    0xbc  Code  Gb  zf_driver_soft_iic.o [49]
soft_iic_wait_ack       0x1008'7b37    0xd0  Code  Lc  zf_driver_soft_iic.o [49]
spi_get_clk_hsiom       0x1008'65a1    0x28  Code  Lc  zf_driver_spi.o [49]
spi_get_clk_pin         0x1008'64e5    0x28  Code  Lc  zf_driver_spi.o [49]
spi_get_cs_hsiom        0x1008'6619    0x44  Code  Lc  zf_driver_spi.o [49]
spi_get_cs_pin          0x1008'655d    0x44  Code  Lc  zf_driver_spi.o [49]
spi_get_miso_hsiom      0x1008'65f1    0x28  Code  Lc  zf_driver_spi.o [49]
spi_get_miso_pin        0x1008'6535    0x28  Code  Lc  zf_driver_spi.o [49]
spi_get_mosi_hsiom      0x1008'65c9    0x28  Code  Lc  zf_driver_spi.o [49]
spi_get_mosi_pin        0x1008'650d    0x28  Code  Lc  zf_driver_spi.o [49]
spi_init                0x1008'6a79   0x2b2  Code  Gb  zf_driver_spi.o [49]
spi_module              0x2802'0754    0x10  Data  Gb  zf_driver_spi.o [49]
spi_read_8bit_registers
                        0x1008'6969    0xfe  Code  Gb  zf_driver_spi.o [49]
spi_write_8bit_register
                        0x1008'6799    0xde  Code  Gb  zf_driver_spi.o [49]
spi_write_8bit_registers
                        0x1008'6877    0xe8  Code  Gb  zf_driver_spi.o [49]
sprintf                 0x1008'593d    0x40  Code  Gb  sprintf.o [50]
sqrtf                   0x1008'8b41          Code  Gb  sqrtf.o [51]
strchr                  0x1008'2fad          Code  Gb  strchr.o [52]
strlen                  0x1008'300d          Code  Gb  strlen.o [52]
strncmp                 0x1008'aeed    0x2a  Code  Gb  strncmp.o [50]
strncpy                 0x1008'7819          Code  Gb  strncpy.o [52]
switch_transition_length
                        0x1008'665d   0x13c  Code  Lc  zf_driver_spi.o [49]
system_clock            0x2802'10a4     0x4  Data  Gb  zf_common_clock.o [46]
system_delay_init       0x1008'8a81    0xa6  Code  Gb  zf_driver_delay.o [49]
system_delay_ms         0x1008'8a23    0x5e  Code  Gb  zf_driver_delay.o [49]
system_delay_us         0x1008'89cd    0x56  Code  Gb  zf_driver_delay.o [49]
throttle                0x2802'104c     0x4  Data  Lc  control.o [5]
timer_ch                0x2802'07a5     0x1  Data  Lc  zf_driver_delay.o [49]
timer_clear             0x1008'a47b    0x16  Code  Gb  zf_driver_timer.o [49]
timer_get               0x1008'a44d    0x2e  Code  Gb  zf_driver_timer.o [49]
timer_init              0x1008'a491    0xc8  Code  Gb  zf_driver_timer.o [49]
timer_start             0x1008'a425    0x28  Code  Gb  zf_driver_timer.o [49]
tof_module_exti_handler
                        0x2802'0708     0x4  Data  Gb  zf_device_type.o [48]
tof_type                0x2802'10ff     0x1  Data  Gb  zf_device_type.o [48]
torque_pitch            0x2802'1044     0x4  Data  Lc  control.o [5]
torque_roll             0x2802'1040     0x4  Data  Lc  control.o [5]
torque_yaw              0x2802'1048     0x4  Data  Lc  control.o [5]
tsl1401_collect_pit_handler
                        0x1008'ace9    0x68  Code  Gb  zf_device_tsl1401.o [48]
tsl1401_data            0x2802'07a8   0x200  Data  Gb  zf_device_tsl1401.o [48]
tsl1401_finish_flag     0x2802'10fd     0x1  Data  Gb  zf_device_tsl1401.o [48]
tsl1401_init_state      0x2802'10fc     0x1  Data  Lc  zf_device_tsl1401.o [48]
type_default_callback   0x1008'9ec5     0x2  Code  Lc  zf_device_type.o [48]
uart0_isr               0x1008'ac71    0x12  Code  Gb  cm7_0_isr.o [45]
uart1_isr               0x1008'ac83    0x14  Code  Gb  cm7_0_isr.o [45]
uart2_isr               0x1008'ac97    0x12  Code  Gb  cm7_0_isr.o [45]
uart3_isr               0x1008'aca9     0xa  Code  Gb  cm7_0_isr.o [45]
uart4_isr               0x1008'acb3    0x14  Code  Gb  cm7_0_isr.o [45]
uart5_isr               0x1008'acd5     0xa  Code  Gb  cm7_0_isr.o [45]
uart6_isr               0x1008'acdf     0xa  Code  Gb  cm7_0_isr.o [45]
uart_context            0x2802'09a8   0x188  Data  Gb  zf_driver_uart.o [49]
uart_data_buffer        0x2802'0d20    0x70  Data  Lc  zf_driver_uart.o [49]
uart_data_buffer_count  0x2802'1030     0x8  Data  Lc  zf_driver_uart.o [49]
uart_data_refresh       0x2802'1038     0x8  Data  Lc  zf_driver_uart.o [49]
uart_init               0x1008'573d   0x1c0  Code  Gb  zf_driver_uart.o [49]
uart_isr_func           0x2802'0764    0x1c  Data  Gb  zf_driver_uart.o [49]
uart_isr_mask           0x1008'4ec3    0xfa  Code  Gb  zf_driver_uart.o [49]
uart_query_byte         0x1008'5229    0x74  Code  Gb  zf_driver_uart.o [49]
uart_receiver           0x2802'0fd8    0x10  Data  Gb  zf_device_uart_receiver.o [48]
uart_receiver_analysis  0x1008'aa79    0xcc  Code  Lc  zf_device_uart_receiver.o [48]
uart_receiver_callback  0x1008'ab45    0x4a  Code  Gb  zf_device_uart_receiver.o [48]
uart_receiver_callback::length
                        0x2802'1100     0x1  Data  Lc  zf_device_uart_receiver.o [48]
uart_receiver_data      0x2802'0f38    0x1c  Data  Gb  zf_device_uart_receiver.o [48]
uart_receiver_handler   0x2802'0704     0x4  Data  Gb  zf_device_type.o [48]
uart_receiver_init      0x1008'ab8f    0x2e  Code  Gb  zf_device_uart_receiver.o [48]
uart_receiver_interval_time
                        0x1008'aa65    0x14  Code  Lc  zf_device_uart_receiver.o [48]
uart_rx_interrupt       0x1008'53b9   0x1a8  Code  Gb  zf_driver_uart.o [49]
uart_sbus_init          0x1008'5561   0x1ce  Code  Gb  zf_driver_uart.o [49]
uart_tx_interrupt       0x1008'529d   0x11c  Code  Gb  zf_driver_uart.o [49]
uart_write_buffer       0x1008'51ef    0x1e  Code  Gb  zf_driver_uart.o [49]
uart_write_byte         0x1008'51c7    0x28  Code  Gb  zf_driver_uart.o [49]
uart_write_string       0x1008'520d    0x1c  Code  Gb  zf_driver_uart.o [49]
wireless_module_uart_handler
                        0x2802'0700     0x4  Data  Gb  zf_device_type.o [48]
wireless_type           0x2802'10fe     0x1  Data  Gb  zf_device_type.o [48]
zf_debug_assert_enable  0x2802'07a4     0x1  Data  Lc  zf_common_debug.o [46]
zf_debug_init_flag      0x2802'10f1     0x1  Data  Lc  zf_common_debug.o [46]


[1] = D:\IARproject\Seekfree_CYT4BB_Opensource_Library\project\iar\Debug_m7_0\Obj\adc_11722776235721520015.dir
[2] = D:\IARproject\Seekfree_CYT4BB_Opensource_Library\project\iar\Debug_m7_0\Obj\audioss_1346650047966882938.dir
[3] = D:\IARproject\Seekfree_CYT4BB_Opensource_Library\project\iar\Debug_m7_0\Obj\button_4990804375159372270.dir
[4] = D:\IARproject\Seekfree_CYT4BB_Opensource_Library\project\iar\Debug_m7_0\Obj\canfd_1800690984773873875.dir
[5] = D:\IARproject\Seekfree_CYT4BB_Opensource_Library\project\iar\Debug_m7_0\Obj\code_17896468042025673432.dir
[6] = D:\IARproject\Seekfree_CYT4BB_Opensource_Library\project\iar\Debug_m7_0\Obj\cpu_15938736945165268644.dir
[7] = D:\IARproject\Seekfree_CYT4BB_Opensource_Library\project\iar\Debug_m7_0\Obj\crypto_1190170608956581615.dir
[8] = D:\IARproject\Seekfree_CYT4BB_Opensource_Library\project\iar\Debug_m7_0\Obj\dma_12106025507578611576.dir
[9] = D:\IARproject\Seekfree_CYT4BB_Opensource_Library\project\iar\Debug_m7_0\Obj\eth_phy_18133017486186456677.dir
[10] = D:\IARproject\Seekfree_CYT4BB_Opensource_Library\project\iar\Debug_m7_0\Obj\ethernet_6029839089178797009.dir
[11] = D:\IARproject\Seekfree_CYT4BB_Opensource_Library\project\iar\Debug_m7_0\Obj\evtgen_3404189088603873129.dir
[12] = D:\IARproject\Seekfree_CYT4BB_Opensource_Library\project\iar\Debug_m7_0\Obj\flash_8529866181315662935.dir
[13] = D:\IARproject\Seekfree_CYT4BB_Opensource_Library\project\iar\Debug_m7_0\Obj\flash_864493325053435817.dir
[14] = D:\IARproject\Seekfree_CYT4BB_Opensource_Library\project\iar\Debug_m7_0\Obj\gpio_3999404635324069351.dir
[15] = D:\IARproject\Seekfree_CYT4BB_Opensource_Library\project\iar\Debug_m7_0\Obj\ipc_10145506163450686023.dir
[16] = D:\IARproject\Seekfree_CYT4BB_Opensource_Library\project\iar\Debug_m7_0\Obj\lin_18429031207028094880.dir
[17] = D:\IARproject\Seekfree_CYT4BB_Opensource_Library\project\iar\Debug_m7_0\Obj\lvd_6353935867039560245.dir
[18] = D:\IARproject\Seekfree_CYT4BB_Opensource_Library\project\iar\Debug_m7_0\Obj\mcwdt_4052485907822033969.dir
[19] = D:\IARproject\Seekfree_CYT4BB_Opensource_Library\project\iar\Debug_m7_0\Obj\mpu_5663187252346826382.dir
[20] = D:\IARproject\Seekfree_CYT4BB_Opensource_Library\project\iar\Debug_m7_0\Obj\power_14453085144426420577.dir
[21] = D:\IARproject\Seekfree_CYT4BB_Opensource_Library\project\iar\Debug_m7_0\Obj\prot_10722960861768657883.dir
[22] = D:\IARproject\Seekfree_CYT4BB_Opensource_Library\project\iar\Debug_m7_0\Obj\rev_b_4986922561640112550.dir
[23] = D:\IARproject\Seekfree_CYT4BB_Opensource_Library\project\iar\Debug_m7_0\Obj\rev_b_6162237342861132223.dir
[24] = D:\IARproject\Seekfree_CYT4BB_Opensource_Library\project\iar\Debug_m7_0\Obj\scb_15490842639181808494.dir
[25] = D:\IARproject\Seekfree_CYT4BB_Opensource_Library\project\iar\Debug_m7_0\Obj\sd_host_2982766354293506895.dir
[26] = D:\IARproject\Seekfree_CYT4BB_Opensource_Library\project\iar\Debug_m7_0\Obj\semihosting_143864889731838620.dir
[27] = D:\IARproject\Seekfree_CYT4BB_Opensource_Library\project\iar\Debug_m7_0\Obj\smartio_5451710003740070188.dir
[28] = D:\IARproject\Seekfree_CYT4BB_Opensource_Library\project\iar\Debug_m7_0\Obj\smif_427648126384146252.dir
[29] = D:\IARproject\Seekfree_CYT4BB_Opensource_Library\project\iar\Debug_m7_0\Obj\smif_mem_6470536964353725183.dir
[30] = D:\IARproject\Seekfree_CYT4BB_Opensource_Library\project\iar\Debug_m7_0\Obj\srom_13018798572330080582.dir
[31] = D:\IARproject\Seekfree_CYT4BB_Opensource_Library\project\iar\Debug_m7_0\Obj\startup_479057977785470282.dir
[32] = D:\IARproject\Seekfree_CYT4BB_Opensource_Library\project\iar\Debug_m7_0\Obj\sw_timer_4215635015939382130.dir
[33] = D:\IARproject\Seekfree_CYT4BB_Opensource_Library\project\iar\Debug_m7_0\Obj\sysclk_16149231235676103872.dir
[34] = D:\IARproject\Seekfree_CYT4BB_Opensource_Library\project\iar\Debug_m7_0\Obj\sysflt_12293435975120599261.dir
[35] = D:\IARproject\Seekfree_CYT4BB_Opensource_Library\project\iar\Debug_m7_0\Obj\sysint_7435970359207984181.dir
[36] = D:\IARproject\Seekfree_CYT4BB_Opensource_Library\project\iar\Debug_m7_0\Obj\syslib_16330585751512546975.dir
[37] = D:\IARproject\Seekfree_CYT4BB_Opensource_Library\project\iar\Debug_m7_0\Obj\syspm_10887939769544754770.dir
[38] = D:\IARproject\Seekfree_CYT4BB_Opensource_Library\project\iar\Debug_m7_0\Obj\sysreghc_17676636058511625587.dir
[39] = D:\IARproject\Seekfree_CYT4BB_Opensource_Library\project\iar\Debug_m7_0\Obj\sysreset_14586141425677365288.dir
[40] = D:\IARproject\Seekfree_CYT4BB_Opensource_Library\project\iar\Debug_m7_0\Obj\sysrtc_10747768817563771611.dir
[41] = D:\IARproject\Seekfree_CYT4BB_Opensource_Library\project\iar\Debug_m7_0\Obj\systick_16016591671695740695.dir
[42] = D:\IARproject\Seekfree_CYT4BB_Opensource_Library\project\iar\Debug_m7_0\Obj\syswdt_9118657615806274156.dir
[43] = D:\IARproject\Seekfree_CYT4BB_Opensource_Library\project\iar\Debug_m7_0\Obj\tcpwm_422923530147891246.dir
[44] = D:\IARproject\Seekfree_CYT4BB_Opensource_Library\project\iar\Debug_m7_0\Obj\trigmux_9729677290734583340.dir
[45] = D:\IARproject\Seekfree_CYT4BB_Opensource_Library\project\iar\Debug_m7_0\Obj\user_8514941877209965082.dir
[46] = D:\IARproject\Seekfree_CYT4BB_Opensource_Library\project\iar\Debug_m7_0\Obj\zf_common_1201165462030747823.dir
[47] = D:\IARproject\Seekfree_CYT4BB_Opensource_Library\project\iar\Debug_m7_0\Obj\zf_components_14936052685886095442.dir
[48] = D:\IARproject\Seekfree_CYT4BB_Opensource_Library\project\iar\Debug_m7_0\Obj\zf_device_6570275422786408770.dir
[49] = D:\IARproject\Seekfree_CYT4BB_Opensource_Library\project\iar\Debug_m7_0\Obj\zf_driver_11922370083829174090.dir
[50] = dl7M_tln.a
[51] = m7M_tlv.a
[52] = rt7M_tl.a
[53] = shb_l.a
[54] = zf_device_config.a

  37'396 bytes of readonly  code memory
  10'265 bytes of readonly  data memory
  12'671 bytes of readwrite data memory

Errors: none
Warnings: none
